(node:4343) [DEP0205] DeprecationWarning: `module.register()` is deprecated. Use `module.registerHooks()` instead.
(Use `node --trace-deprecation ...` to show where the warning was created)
[2m[WebServer] [22m(node:4450) Warning: The 'NO_COLOR' env is ignored due to the 'FORCE_COLOR' env being set.
[2m[WebServer] [22m(Use `node --trace-warnings ...` to show where the warning was created)
[2m[WebServer] [22m(node:4451) Warning: The 'NO_COLOR' env is ignored due to the 'FORCE_COLOR' env being set.
[2m[WebServer] [22m(Use `node --trace-warnings ...` to show where the warning was created)
[2m[WebServer] [22m⚠ Warning: Next.js inferred your workspace root, but it may not be correct.
[2m[WebServer] [22m We detected multiple lockfiles and selected the directory of /Users/giovaninunes/Folders/RioGineer/riogineer-website/package-lock.json as the root directory.
[2m[WebServer] [22m To silence this warning, set `turbopack.root` in your Next.js config, or consider removing one of the lockfiles if it's not needed.
[2m[WebServer] [22m   See https://nextjs.org/docs/app/api-reference/config/next-config-js/turbopack#root-directory for more information.
[2m[WebServer] [22m Detected additional lockfiles: 
[2m[WebServer] [22m   * /Users/giovaninunes/Folders/RioGineer/riogineer-website/.local/m22-validation/package-lock.json
[2m[WebServer] [22m

Running 42 tests using 1 worker

(node:4475) Warning: The 'NO_COLOR' env is ignored due to the 'FORCE_COLOR' env being set.
(Use `node --trace-warnings ...` to show where the warning was created)
(node:4475) [DEP0205] DeprecationWarning: `module.register()` is deprecated. Use `module.registerHooks()` instead.
(node:4475) Warning: The 'NO_COLOR' env is ignored due to the 'FORCE_COLOR' env being set.
(Use `node --trace-warnings ...` to show where the warning was created)
[2m[WebServer] [22m(node:4491) Warning: The 'NO_COLOR' env is ignored due to the 'FORCE_COLOR' env being set.
[2m[WebServer] [22m(Use `node --trace-warnings ...` to show where the warning was created)
[2m[WebServer] [22m(node:4492) Warning: The 'NO_COLOR' env is ignored due to the 'FORCE_COLOR' env being set.
[2m[WebServer] [22m(Use `node --trace-warnings ...` to show where the warning was created)
[2m[WebServer] [22m(node:4496) Warning: The 'NO_COLOR' env is ignored due to the 'FORCE_COLOR' env being set.
[2m[WebServer] [22m(Use `node --trace-warnings ...` to show where the warning was created)
  ✓   1 tests/e2e/compression.spec.ts:13:1 › compression reference: runtime P/T, process versus shaft work, nine stable streams (3.3s)
[2m[WebServer] [22m(node:4500) Warning: The 'NO_COLOR' env is ignored due to the 'FORCE_COLOR' env being set.
[2m[WebServer] [22m(Use `node --trace-warnings ...` to show where the warning was created)
[2m[WebServer] [22m(node:4501) Warning: The 'NO_COLOR' env is ignored due to the 'FORCE_COLOR' env being set.
[2m[WebServer] [22m(Use `node --trace-warnings ...` to show where the warning was created)
[2m[WebServer] [22m(node:4502) Warning: The 'NO_COLOR' env is ignored due to the 'FORCE_COLOR' env being set.
[2m[WebServer] [22m(Use `node --trace-warnings ...` to show where the warning was created)
[2m[WebServer] [22m(node:4505) Warning: The 'NO_COLOR' env is ignored due to the 'FORCE_COLOR' env being set.
[2m[WebServer] [22m(Use `node --trace-warnings ...` to show where the warning was created)
[2m[WebServer] [22m(node:4507) Warning: The 'NO_COLOR' env is ignored due to the 'FORCE_COLOR' env being set.
[2m[WebServer] [22m(Use `node --trace-warnings ...` to show where the warning was created)
  ✓   2 tests/e2e/compression.spec.ts:125:1 › all earlier cases ↔ Milestone 6 clear validation and downstream artifacts (3.5s)
[2m[WebServer] [22m(node:4512) Warning: The 'NO_COLOR' env is ignored due to the 'FORCE_COLOR' env being set.
[2m[WebServer] [22m(Use `node --trace-warnings ...` to show where the warning was created)
  ✓   3 tests/e2e/compressor-energy.spec.ts:7:1 › rigorous compressor uses the normal validated workflow and distinguishes fluid power (5.3s)
[2m[WebServer] [22m(node:4522) Warning: The 'NO_COLOR' env is ignored due to the 'FORCE_COLOR' env being set.
[2m[WebServer] [22m(Use `node --trace-warnings ...` to show where the warning was created)
[2m[WebServer] [22m(node:4525) Warning: The 'NO_COLOR' env is ignored due to the 'FORCE_COLOR' env being set.
[2m[WebServer] [22m(Use `node --trace-warnings ...` to show where the warning was created)
  ✓   4 tests/e2e/digital-engineer.spec.ts:24:1 › reference → contracts → PFD → Python results; edits stale and layout preserves (3.1s)
[2m[WebServer] [22m(node:4528) Warning: The 'NO_COLOR' env is ignored due to the 'FORCE_COLOR' env being set.
[2m[WebServer] [22m(Use `node --trace-warnings ...` to show where the warning was created)
  ✓   5 tests/e2e/digital-engineer.spec.ts:76:1 › invalid recoveries stop PFD generation and identify the issue (1.5s)
[2m[WebServer] [22m(node:4532) Warning: The 'NO_COLOR' env is ignored due to the 'FORCE_COLOR' env being set.
[2m[WebServer] [22m(Use `node --trace-warnings ...` to show where the warning was created)
[2m[WebServer] [22m(node:4536) Warning: The 'NO_COLOR' env is ignored due to the 'FORCE_COLOR' env being set.
[2m[WebServer] [22m(Use `node --trace-warnings ...` to show where the warning was created)
  ✓   6 tests/e2e/digital-engineer.spec.ts:99:1 › a late calculation response cannot overwrite an edited model (967ms)
[2m[WebServer] [22m(node:4540) Warning: The 'NO_COLOR' env is ignored due to the 'FORCE_COLOR' env being set.
[2m[WebServer] [22m(Use `node --trace-warnings ...` to show where the warning was created)
  ✓   7 tests/e2e/digital-engineer.spec.ts:138:1 › mobile workspace and engine-unavailable feedback (1.2s)
[2m[WebServer] [22m(node:4559) Warning: The 'NO_COLOR' env is ignored due to the 'FORCE_COLOR' env being set.
[2m[WebServer] [22m(Use `node --trace-warnings ...` to show where the warning was created)
[2m[WebServer] [22m(node:4560) Warning: The 'NO_COLOR' env is ignored due to the 'FORCE_COLOR' env being set.
[2m[WebServer] [22m(Use `node --trace-warnings ...` to show where the warning was created)
  ✓   8 tests/e2e/digital-engineer.spec.ts:177:1 › numbered PFD and stream table share identity, preserve downloads and distinguish zero (1.7s)
[2m[WebServer] [22m(node:4564) Warning: The 'NO_COLOR' env is ignored due to the 'FORCE_COLOR' env being set.
[2m[WebServer] [22m(Use `node --trace-warnings ...` to show where the warning was created)
[2m[WebServer] [22m(node:4565) Warning: The 'NO_COLOR' env is ignored due to the 'FORCE_COLOR' env being set.
[2m[WebServer] [22m(Use `node --trace-warnings ...` to show where the warning was created)
  ✓   9 tests/e2e/equilibrium.spec.ts:31:1 › M9 real PT flash: PFD, table, phase result, identity and repeat/layout/regeneration (1.6s)
[2m[WebServer] [22m(node:4569) Warning: The 'NO_COLOR' env is ignored due to the 'FORCE_COLOR' env being set.
[2m[WebServer] [22m(Use `node --trace-warnings ...` to show where the warning was created)
[2m[WebServer] [22m(node:4570) Warning: The 'NO_COLOR' env is ignored due to the 'FORCE_COLOR' env being set.
[2m[WebServer] [22m(Use `node --trace-warnings ...` to show where the warning was created)
  ✓  10 tests/e2e/equilibrium.spec.ts:151:31 › M5 ↔ M9 clears all previous case results (1.8s)
[2m[WebServer] [22m(node:4574) Warning: The 'NO_COLOR' env is ignored due to the 'FORCE_COLOR' env being set.
[2m[WebServer] [22m(Use `node --trace-warnings ...` to show where the warning was created)
[2m[WebServer] [22m(node:4575) Warning: The 'NO_COLOR' env is ignored due to the 'FORCE_COLOR' env being set.
[2m[WebServer] [22m(Use `node --trace-warnings ...` to show where the warning was created)
[2m[WebServer] [22m(node:4576) Warning: The 'NO_COLOR' env is ignored due to the 'FORCE_COLOR' env being set.
[2m[WebServer] [22m(Use `node --trace-warnings ...` to show where the warning was created)
  ✓  11 tests/e2e/equilibrium.spec.ts:151:31 › M6 ↔ M9 clears all previous case results (1.9s)
[2m[WebServer] [22m(node:4580) Warning: The 'NO_COLOR' env is ignored due to the 'FORCE_COLOR' env being set.
[2m[WebServer] [22m(Use `node --trace-warnings ...` to show where the warning was created)
  ✓  12 tests/e2e/m22-separator-pump.spec.ts:6:3 › M22 below PT200 reference, tables/export, stale edits and rejection (8.2s)
[2m[WebServer] [22m(node:4589) Warning: The 'NO_COLOR' env is ignored due to the 'FORCE_COLOR' env being set.
[2m[WebServer] [22m(Use `node --trace-warnings ...` to show where the warning was created)
  ✓  13 tests/e2e/m22-separator-pump.spec.ts:6:3 › M22 above PT200 reference, tables/export, stale edits and rejection (8.3s)
[2m[WebServer] [22m(node:4592) Warning: The 'NO_COLOR' env is ignored due to the 'FORCE_COLOR' env being set.
[2m[WebServer] [22m(Use `node --trace-warnings ...` to show where the warning was created)
[2m[WebServer] [22m(node:4596) Warning: The 'NO_COLOR' env is ignored due to the 'FORCE_COLOR' env being set.
[2m[WebServer] [22m(Use `node --trace-warnings ...` to show where the warning was created)
[2m[WebServer] [22m(node:4597) Warning: The 'NO_COLOR' env is ignored due to the 'FORCE_COLOR' env being set.
[2m[WebServer] [22m(Use `node --trace-warnings ...` to show where the warning was created)
  ✓  14 tests/e2e/molecular-properties.spec.ts:10:1 › M6 molecular enrichment displays every stream without changing its PFD identity (2.4s)
[2m[WebServer] [22m(node:4615) Warning: The 'NO_COLOR' env is ignored due to the 'FORCE_COLOR' env being set.
[2m[WebServer] [22m(Use `node --trace-warnings ...` to show where the warning was created)
[2m[WebServer] [22m(node:4653) Warning: The 'NO_COLOR' env is ignored due to the 'FORCE_COLOR' env being set.
[2m[WebServer] [22m(Use `node --trace-warnings ...` to show where the warning was created)
  ✓  15 tests/e2e/molecular-properties.spec.ts:63:1 › a calculated zero-flow outlet shows zero molar flow and unavailable ratios (3.6s)
[2m[WebServer] [22m(node:4657) Warning: The 'NO_COLOR' env is ignored due to the 'FORCE_COLOR' env being set.
[2m[WebServer] [22m(Use `node --trace-warnings ...` to show where the warning was created)
  ✓  16 tests/e2e/network.spec.ts:4:3 › Load Milestone 4 reference: validation visibly succeeds before separate PFD generation (874ms)
[2m[WebServer] [22m(node:4661) Warning: The 'NO_COLOR' env is ignored due to the 'FORCE_COLOR' env being set.
[2m[WebServer] [22m(Use `node --trace-warnings ...` to show where the warning was created)
  ✓  17 tests/e2e/network.spec.ts:4:3 › Restore reference: validation visibly succeeds before separate PFD generation (832ms)
[2m[WebServer] [22m(node:4665) Warning: The 'NO_COLOR' env is ignored due to the 'FORCE_COLOR' env being set.
[2m[WebServer] [22m(Use `node --trace-warnings ...` to show where the warning was created)
[2m[WebServer] [22m(node:4666) Warning: The 'NO_COLOR' env is ignored due to the 'FORCE_COLOR' env being set.
[2m[WebServer] [22m(Use `node --trace-warnings ...` to show where the warning was created)
  ✓  18 tests/e2e/network.spec.ts:64:1 › Milestone 4 graph → seven numbered streams → branch/merge results (2.1s)
[2m[WebServer] [22m(node:4670) Warning: The 'NO_COLOR' env is ignored due to the 'FORCE_COLOR' env being set.
[2m[WebServer] [22m(Use `node --trace-warnings ...` to show where the warning was created)
  ✓  19 tests/e2e/network.spec.ts:158:1 › Milestone 4 invalid split blocks PFD generation (1.1s)
[2m[WebServer] [22m(node:4674) Warning: The 'NO_COLOR' env is ignored due to the 'FORCE_COLOR' env being set.
[2m[WebServer] [22m(Use `node --trace-warnings ...` to show where the warning was created)
  ✓  20 tests/e2e/network.spec.ts:198:1 › completed Bia → Milestone 4 preserves active case at every boundary (1.2s)
[2m[WebServer] [22m(node:4678) Warning: The 'NO_COLOR' env is ignored due to the 'FORCE_COLOR' env being set.
[2m[WebServer] [22m(Use `node --trace-warnings ...` to show where the warning was created)
[2m[WebServer] [22m(node:4727) Warning: The 'NO_COLOR' env is ignored due to the 'FORCE_COLOR' env being set.
[2m[WebServer] [22m(Use `node --trace-warnings ...` to show where the warning was created)
[2m[WebServer] [22m(node:4770) Warning: The 'NO_COLOR' env is ignored due to the 'FORCE_COLOR' env being set.
[2m[WebServer] [22m(Use `node --trace-warnings ...` to show where the warning was created)
[2m[WebServer] [22m(node:4780) Warning: The 'NO_COLOR' env is ignored due to the 'FORCE_COLOR' env being set.
[2m[WebServer] [22m(Use `node --trace-warnings ...` to show where the warning was created)
  ✓  21 tests/e2e/pump.spec.ts:28:1 › M18 canonical table, PFD, download, identity and stale rejection (9.3s)
[2m[WebServer] [22m(node:4781) Warning: The 'NO_COLOR' env is ignored due to the 'FORCE_COLOR' env being set.
[2m[WebServer] [22m(Use `node --trace-warnings ...` to show where the warning was created)
[2m[WebServer] [22m(node:4785) Warning: The 'NO_COLOR' env is ignored due to the 'FORCE_COLOR' env being set.
[2m[WebServer] [22m(Use `node --trace-warnings ...` to show where the warning was created)
[2m[WebServer] [22m(node:4786) Warning: The 'NO_COLOR' env is ignored due to the 'FORCE_COLOR' env being set.
[2m[WebServer] [22m(Use `node --trace-warnings ...` to show where the warning was created)
  ✓  22 tests/e2e/separator-energy.spec.ts:68:44 › M17 PT: real engine, phase energy and stale invalidation (3.2s)
[2m[WebServer] [22m(node:4788) Warning: The 'NO_COLOR' env is ignored due to the 'FORCE_COLOR' env being set.
[2m[WebServer] [22m(Use `node --trace-warnings ...` to show where the warning was created)
[2m[WebServer] [22m(node:4792) Warning: The 'NO_COLOR' env is ignored due to the 'FORCE_COLOR' env being set.
[2m[WebServer] [22m(Use `node --trace-warnings ...` to show where the warning was created)
[2m[WebServer] [22m(node:4801) Warning: The 'NO_COLOR' env is ignored due to the 'FORCE_COLOR' env being set.
[2m[WebServer] [22m(Use `node --trace-warnings ...` to show where the warning was created)
[2m[WebServer] [22m(node:4802) Warning: The 'NO_COLOR' env is ignored due to the 'FORCE_COLOR' env being set.
[2m[WebServer] [22m(Use `node --trace-warnings ...` to show where the warning was created)
  ✓  23 tests/e2e/separator-energy.spec.ts:68:44 › M17 adiabatic PH: real engine, phase energy and stale invalidation (7.1s)
[2m[WebServer] [22m(node:4803) Warning: The 'NO_COLOR' env is ignored due to the 'FORCE_COLOR' env being set.
[2m[WebServer] [22m(Use `node --trace-warnings ...` to show where the warning was created)
[2m[WebServer] [22m(node:4807) Warning: The 'NO_COLOR' env is ignored due to the 'FORCE_COLOR' env being set.
[2m[WebServer] [22m(Use `node --trace-warnings ...` to show where the warning was created)
[2m[WebServer] [22m(node:4808) Warning: The 'NO_COLOR' env is ignored due to the 'FORCE_COLOR' env being set.
[2m[WebServer] [22m(Use `node --trace-warnings ...` to show where the warning was created)
  ✓  24 tests/e2e/separator-energy.spec.ts:124:1 › M17 equal pressure: absent vapor, populated molecular properties and edit invalidation (3.2s)
[2m[WebServer] [22m(node:4812) Warning: The 'NO_COLOR' env is ignored due to the 'FORCE_COLOR' env being set.
[2m[WebServer] [22m(Use `node --trace-warnings ...` to show where the warning was created)
[2m[WebServer] [22m(node:4814) Warning: The 'NO_COLOR' env is ignored due to the 'FORCE_COLOR' env being set.
[2m[WebServer] [22m(Use `node --trace-warnings ...` to show where the warning was created)
[2m[WebServer] [22m(node:4815) Warning: The 'NO_COLOR' env is ignored due to the 'FORCE_COLOR' env being set.
[2m[WebServer] [22m(Use `node --trace-warnings ...` to show where the warning was created)
[2m[WebServer] [22m(node:4816) Warning: The 'NO_COLOR' env is ignored due to the 'FORCE_COLOR' env being set.
[2m[WebServer] [22m(Use `node --trace-warnings ...` to show where the warning was created)
[2m[WebServer] [22m(node:4817) Warning: The 'NO_COLOR' env is ignored due to the 'FORCE_COLOR' env being set.
[2m[WebServer] [22m(Use `node --trace-warnings ...` to show where the warning was created)
[2m[WebServer] [22m(node:4819) Warning: The 'NO_COLOR' env is ignored due to the 'FORCE_COLOR' env being set.
[2m[WebServer] [22m(Use `node --trace-warnings ...` to show where the warning was created)
  ✓  25 tests/e2e/separator-pump.spec.ts:28:1 › M20 process, provenance, PFD, export, identity and unsupported scope (27.0s)
[2m[WebServer] [22m(node:4820) Warning: The 'NO_COLOR' env is ignored due to the 'FORCE_COLOR' env being set.
[2m[WebServer] [22m(Use `node --trace-warnings ...` to show where the warning was created)
[2m[WebServer] [22m(node:4824) Warning: The 'NO_COLOR' env is ignored due to the 'FORCE_COLOR' env being set.
[2m[WebServer] [22m(Use `node --trace-warnings ...` to show where the warning was created)
[2m[WebServer] [22m(node:4825) Warning: The 'NO_COLOR' env is ignored due to the 'FORCE_COLOR' env being set.
[2m[WebServer] [22m(Use `node --trace-warnings ...` to show where the warning was created)
  ✓  26 tests/e2e/sequential.spec.ts:13:1 › Milestone 5 sequential heater state, duty, identity, properties and regeneration (1.7s)
[2m[WebServer] [22m(node:4829) Warning: The 'NO_COLOR' env is ignored due to the 'FORCE_COLOR' env being set.
[2m[WebServer] [22m(Use `node --trace-warnings ...` to show where the warning was created)
[2m[WebServer] [22m(node:4830) Warning: The 'NO_COLOR' env is ignored due to the 'FORCE_COLOR' env being set.
[2m[WebServer] [22m(Use `node --trace-warnings ...` to show where the warning was created)
[2m[WebServer] [22m(node:4831) Warning: The 'NO_COLOR' env is ignored due to the 'FORCE_COLOR' env being set.
[2m[WebServer] [22m(Use `node --trace-warnings ...` to show where the warning was created)
  ✓  27 tests/e2e/sequential.spec.ts:104:1 › Bia ↔ Milestone 5 ↔ Milestone 4 clears cross-case artifacts (2.0s)
[2m[WebServer] [22m(node:4835) Warning: The 'NO_COLOR' env is ignored due to the 'FORCE_COLOR' env being set.
[2m[WebServer] [22m(Use `node --trace-warnings ...` to show where the warning was created)
[2m[WebServer] [22m(node:4836) Warning: The 'NO_COLOR' env is ignored due to the 'FORCE_COLOR' env being set.
[2m[WebServer] [22m(Use `node --trace-warnings ...` to show where the warning was created)
  ✓  28 tests/e2e/specification.spec.ts:57:1 › specification → review → approval → real Python results, correction and stale handling (6.5s)
  ✓  29 tests/e2e/specification.spec.ts:123:1 › conflicts and missing data block approval in the engineering form (4.8s)
  ✓  30 tests/e2e/specification.spec.ts:165:1 › provider unavailable is reported clearly; mobile workspace does not overflow (2.7s)
  ✓  31 tests/e2e/specification.spec.ts:195:1 › late interpretation cannot overwrite a revised source (1.9s)
  ✓  32 tests/e2e/specification.spec.ts:231:1 › late approval cannot authorize requirements after a correction (2.3s)
  ✓  33 tests/e2e/specification.spec.ts:276:1 › supported output variants normalize and missing numerical inputs use field highlights without note boxes (4.4s)
  ✓  34 tests/e2e/specification.spec.ts:340:1 › unsupported outputs and explicit interpretation issues still block review (1.9s)
  ✓  35 tests/e2e/specification.spec.ts:368:1 › source equipment and topology wording normalizes locally without losing the audit (2.4s)
  ✓  36 tests/e2e/specification.spec.ts:399:1 › natural component rows populate all 15 fields and exclusions require no manual data entry (4.0s)
  ✓  37 tests/e2e/specification.spec.ts:452:1 › reported feed-to-separator sentence uses separate outlet evidence in unapproved review (1.9s)
  ✓  38 tests/e2e/specification.spec.ts:485:1 › approval confirmation follows real validation and clears when review changes (2.5s)
  ✓  39 tests/e2e/specification.spec.ts:535:1 › failed approval never displays success or enables PFD generation (3.8s)
[2m[WebServer] [22m(node:4934) Warning: The 'NO_COLOR' env is ignored due to the 'FORCE_COLOR' env being set.
[2m[WebServer] [22m(Use `node --trace-warnings ...` to show where the warning was created)
[2m[WebServer] [22m(node:4935) Warning: The 'NO_COLOR' env is ignored due to the 'FORCE_COLOR' env being set.
[2m[WebServer] [22m(Use `node --trace-warnings ...` to show where the warning was created)
[2m[WebServer] [22m(node:4937) Warning: The 'NO_COLOR' env is ignored due to the 'FORCE_COLOR' env being set.
[2m[WebServer] [22m(Use `node --trace-warnings ...` to show where the warning was created)
[2m[WebServer] [22m(node:4949) Warning: The 'NO_COLOR' env is ignored due to the 'FORCE_COLOR' env being set.
[2m[WebServer] [22m(Use `node --trace-warnings ...` to show where the warning was created)
  ✓  40 tests/e2e/throttling-valve.spec.ts:18:1 › one valve outlet, rigorous states, recalculation and failed-result invalidation (13.8s)
[2m[WebServer] [22m(node:4954) Warning: The 'NO_COLOR' env is ignored due to the 'FORCE_COLOR' env being set.
[2m[WebServer] [22m(Use `node --trace-warnings ...` to show where the warning was created)
[2m[WebServer] [22m(node:4955) Warning: The 'NO_COLOR' env is ignored due to the 'FORCE_COLOR' env being set.
[2m[WebServer] [22m(Use `node --trace-warnings ...` to show where the warning was created)
[2m[WebServer] [22m(node:4962) Warning: The 'NO_COLOR' env is ignored due to the 'FORCE_COLOR' env being set.
[2m[WebServer] [22m(Use `node --trace-warnings ...` to show where the warning was created)
  ✓  41 tests/e2e/two-stream-heat-exchanger.spec.ts:18:1 › four ports, both specification modes, atomic stale invalidation and failed service (11.3s)
[2m[WebServer] [22m(node:4966) Warning: The 'NO_COLOR' env is ignored due to the 'FORCE_COLOR' env being set.
[2m[WebServer] [22m(Use `node --trace-warnings ...` to show where the warning was created)
[2m[WebServer] [22m(node:4967) Warning: The 'NO_COLOR' env is ignored due to the 'FORCE_COLOR' env being set.
[2m[WebServer] [22m(Use `node --trace-warnings ...` to show where the warning was created)
[2m[WebServer] [22m(node:4968) Warning: The 'NO_COLOR' env is ignored due to the 'FORCE_COLOR' env being set.
[2m[WebServer] [22m(Use `node --trace-warnings ...` to show where the warning was created)
[2m[WebServer] [22m(node:4971) Warning: The 'NO_COLOR' env is ignored due to the 'FORCE_COLOR' env being set.
[2m[WebServer] [22m(Use `node --trace-warnings ...` to show where the warning was created)
[2m[WebServer] [22m(node:4972) Warning: The 'NO_COLOR' env is ignored due to the 'FORCE_COLOR' env being set.
[2m[WebServer] [22m(Use `node --trace-warnings ...` to show where the warning was created)
  ✓  42 tests/e2e/variable-pump.spec.ts:28:1 › M19 canonical table, PFD, download, identity and stale rejection (9.0s)

  42 passed (3.1m)
