PT_BUBBLE_BELOW_7500000.0 100 failed PS
PT_BUBBLE_BELOW_7000000.0 400 accepted_prototype complete
PT_BUBBLE_BELOW_7000000.0 100 accepted_prototype complete
PT_BUBBLE_BELOW_7000000.0 200 accepted_prototype complete
PT_BUBBLE_BELOW_7800000.0 100 failed PS
PT_BUBBLE_BELOW_7500000.0 200 accepted_prototype complete
PT_BUBBLE_BELOW_8000000.0 100 failed PS
PT_BUBBLE_BELOW_7500000.0 400 accepted_prototype complete
PT_BUBBLE_BELOW_7800000.0 200 accepted_prototype complete
PT_BUBBLE_BELOW_7800000.0 400 accepted_prototype complete
PT_BUBBLE_BELOW_8000000.0 200 accepted_prototype complete
PT_BUBBLE_BELOW_8000000.0 400 accepted_prototype complete
PT_BUBBLE_ABOVE_7000000.0 100 accepted_prototype complete
PT_BUBBLE_ABOVE_7500000.0 100 failed PS
PT_BUBBLE_ABOVE_7000000.0 200 accepted_prototype complete
PT_BUBBLE_ABOVE_7800000.0 100 failed PS
PT_BUBBLE_ABOVE_7000000.0 400 accepted_prototype complete
PT_BUBBLE_ABOVE_7500000.0 200 accepted_prototype complete
PT_BUBBLE_ABOVE_7500000.0 400 accepted_prototype complete
PT_BUBBLE_ABOVE_8000000.0 100 failed PS
PT_BUBBLE_ABOVE_7800000.0 200 accepted_prototype complete
PT_BUBBLE_ABOVE_7800000.0 400 accepted_prototype complete
PT_BUBBLE_ABOVE_8000000.0 200 accepted_prototype complete
PH_FLASH 100 accepted_prototype complete
PT_BUBBLE_ABOVE_8000000.0 400 accepted_prototype complete
PH_FLASH 200 accepted_prototype complete
PT_VL_HEATING 100 accepted_prototype complete
PT_VL_HEATING 200 accepted_prototype complete
PT_VL_HEATING 400 accepted_prototype complete
PH_FLASH 400 accepted_prototype complete
PT_BUBBLE_BELOW 100 accepted_prototype complete
PT_BUBBLE_BELOW 200 accepted_prototype complete
PT_BUBBLE_BELOW 400 accepted_prototype complete
PT_DEW_BELOW 100 accepted_prototype complete
PT_DEW_BELOW 200 accepted_prototype complete
PT_DEW_BELOW 400 accepted_prototype complete
production.json 551423ed1096370274ccd04ea0fefea2d7e4fc041ea27b434e94ed69fe7bdce2
candidate_ledger.json aef8c524d1adc4ce9aff640155c8ea0790f31d1926ed28538d5ff38585688068
