test_bip_validation_and_nonzero_sensitivity (test_pr_eos.EOSGate) ... ok
test_component_permutation (test_pr_eos.EOSGate) ... ok
test_fixed_composition_fugacity (test_pr_eos.EOSGate) ... ok
test_mixing_and_all_roots (test_pr_eos.EOSGate) ... ok
test_phase_identification_matches_independent_derivatives (test_pr_eos.EOSGate) ... ok
test_pure_parameters (test_pr_eos.EOSGate) ... ok
test_root_and_log_domain_guards (test_pr_eos.EOSGate) ... ok
test_all_27_independent_nearby_states (test_pr_flash.FlashTests) ... ok
test_bip_identity_absence_and_validation (test_pr_flash.FlashTests) ... ok
test_call_history_and_thread_isolation (test_pr_flash.FlashTests) ... ok
test_cases_abc_frozen (test_pr_flash.FlashTests) ... ok
test_exp_and_extreme_numerical_failure (test_pr_flash.FlashTests) ... ok
test_independent_returned_equilibrium_closure (test_pr_flash.FlashTests) ... ok
test_invalid_composition_and_order (test_pr_flash.FlashTests) ... ok
test_invalid_temperature_pressure (test_pr_flash.FlashTests) ... ok
test_m7_molar_projection_adapter_is_explicit (test_pr_flash.FlashTests) ... ok
test_nonconvergence_taxonomy_and_no_valid_last_iterate (test_pr_flash.FlashTests) ... ok
test_nonzero_bip_independent (test_pr_flash.FlashTests) ... ok
test_permutation_and_immutable_inputs (test_pr_flash.FlashTests) ... ok
test_pressure_scan_independent (test_pr_flash.FlashTests) ... ok
test_provider_registry_and_scope (test_pr_flash.FlashTests) ... ok
test_runtime_dependency_isolation (test_pr_flash.FlashTests) ... ok
test_temperature_pressure_composition_sensitivity (test_pr_flash.FlashTests) ... ok
test_unstable_no_root_wilson_recovers_via_qualified_restart (test_pr_flash.FlashTests) ... ok
test_water_and_unknown_components_not_removed (test_pr_flash.FlashTests) ... ok
test_wilson_is_only_initialization (test_pr_flash.FlashTests) ... ok
test_endpoint_tendencies_are_not_stability (test_pr_flash.RRTests) ... ok
test_frozen_K_isolated (test_pr_flash.RRTests) ... ok
test_invalid_domains (test_pr_flash.RRTests) ... ok
test_iteration_failure (test_pr_flash.RRTests) ... ok
test_common_tangent (test_pr_flash.StabilityTests) ... ok
test_frozen_classifications_and_tpd (test_pr_flash.StabilityTests) ... ok
test_nonconvergence_never_classifies (test_pr_flash.StabilityTests) ... ok
test_bubble_231_15 (test_pr_pt_boundary.BubbleMatrix) ... ok
test_bubble_231_199 (test_pr_pt_boundary.BubbleMatrix) ... ok
test_bubble_231_25 (test_pr_pt_boundary.BubbleMatrix) ... ok
test_bubble_231_349 (test_pr_pt_boundary.BubbleMatrix) ... ok
test_bubble_231_399 (test_pr_pt_boundary.BubbleMatrix) ... ok
test_bubble_231_45 (test_pr_pt_boundary.BubbleMatrix) ... ok
test_bubble_center (test_pr_pt_boundary.BubbleMatrix) ... ok
test_bubble_minus_0_1mk (test_pr_pt_boundary.BubbleMatrix) ... ok
test_bubble_minus_1mk (test_pr_pt_boundary.BubbleMatrix) ... ok
test_bubble_plus_0_1mk (test_pr_pt_boundary.BubbleMatrix) ... ok
test_bubble_plus_1mk (test_pr_pt_boundary.BubbleMatrix) ... ok
test_bubble_stable_231_10 (test_pr_pt_boundary.BubbleMatrix) ... ok
test_conflicting_or_unqualified_controls_rejected (test_pr_pt_boundary.Precision) ... ok
test_immutable_standard_and_explicit_high (test_pr_pt_boundary.Precision) ... ok
test_m10_high_accuracy_frozen_comparison (test_pr_pt_boundary.Precision) ... ok
test_reference_structure_and_integrity (test_pr_pt_boundary.Precision) ... ok
test_required_downstream_margin (test_pr_pt_boundary.Precision) ... ok
test_standard_high_standard_and_repeat (test_pr_pt_boundary.Precision) ... ok
test_changed_runtime_feed_changes_seed (test_pr_pt_boundary.RestartSafety) ... ok
test_final_stability_remains_mandatory (test_pr_pt_boundary.RestartSafety) ... ok
test_initial_rr_nonconvergence_is_not_endpoint_restart (test_pr_pt_boundary.RestartSafety) ... ok
test_invalid_trial_rejected_before_rr_seed (test_pr_pt_boundary.RestartSafety) ... ok
test_json_diagnostics_are_finite (test_pr_pt_boundary.RestartSafety) ... ok
test_later_rr_endpoint_does_not_trigger_second_restart (test_pr_pt_boundary.RestartSafety) ... ok
test_multiple_candidates_select_strongest_deterministically (test_pr_pt_boundary.RestartSafety) ... ok
test_no_negative_stationary_trial_fails_explicitly (test_pr_pt_boundary.RestartSafety) ... ok
test_no_restart_without_converged_stability (test_pr_pt_boundary.RestartSafety) ... ok
test_opposite_orientation_not_guessed (test_pr_pt_boundary.RestartSafety) ... ok
test_restart_rr_failure_no_retry_loop (test_pr_pt_boundary.RestartSafety) ... ok
test_runtime_stability_mapping_and_orientation (test_pr_pt_boundary.RestartSafety) ... ok
test_seed_not_returned_as_equilibrium (test_pr_pt_boundary.RestartSafety) ... ok
test_zero_inventory_preserves_single_phase (test_pr_pt_boundary.RestartSafety) ... ok
test_neighborhood_00 (test_pr_pt_vapor_parent.FrozenMatrix) ... ok
test_neighborhood_01 (test_pr_pt_vapor_parent.FrozenMatrix) ... ok
test_neighborhood_02 (test_pr_pt_vapor_parent.FrozenMatrix) ... ok
test_neighborhood_03 (test_pr_pt_vapor_parent.FrozenMatrix) ... ok
test_neighborhood_04 (test_pr_pt_vapor_parent.FrozenMatrix) ... ok
test_neighborhood_05 (test_pr_pt_vapor_parent.FrozenMatrix) ... ok
test_neighborhood_06 (test_pr_pt_vapor_parent.FrozenMatrix) ... ok
test_neighborhood_07 (test_pr_pt_vapor_parent.FrozenMatrix) ... ok
test_neighborhood_08 (test_pr_pt_vapor_parent.FrozenMatrix) ... ok
test_neighborhood_09 (test_pr_pt_vapor_parent.FrozenMatrix) ... ok
test_neighborhood_10 (test_pr_pt_vapor_parent.FrozenMatrix) ... ok
test_neighborhood_11 (test_pr_pt_vapor_parent.FrozenMatrix) ... ok
test_neighborhood_12 (test_pr_pt_vapor_parent.FrozenMatrix) ... ok
test_profile_isolation_call_order_and_both_orientations (test_pr_pt_vapor_parent.FrozenMatrix) ... ok
test_ambiguous_or_same_phase_rejected (test_pr_pt_vapor_parent.RestartSafety) ... ok
test_candidate_order_independent (test_pr_pt_vapor_parent.RestartSafety) ... ok
test_failed_restart_rr_is_bounded (test_pr_pt_vapor_parent.RestartSafety) ... ok
test_invalid_sum_rejected (test_pr_pt_vapor_parent.RestartSafety) ... ok
test_invalid_trial_rejected (test_pr_pt_vapor_parent.RestartSafety) ... ok
test_pure_feed_retains_no_restart (test_pr_pt_vapor_parent.RestartSafety) ... ok
test_seed_construction_error_propagates_without_equilibrium (test_pr_pt_vapor_parent.RestartSafety) ... ok
test_seed_failure_does_not_publish_phases (test_pr_pt_vapor_parent.RestartSafety) ... ok
test_stable_or_unconverged_cannot_seed (test_pr_pt_vapor_parent.RestartSafety) ... ok
test_analytic_alpha_derivative_frozen (test_pr_caloric.CaloricTests) ... ok
test_analytic_mixture_attraction_derivative_frozen (test_pr_caloric.CaloricTests) ... ok
test_analytic_pure_attraction_derivative_frozen (test_pr_caloric.CaloricTests) ... ok
test_complete_frozen_comparison_and_readonly_reference (test_pr_caloric.CaloricTests) ... ok
test_component_ideal_h_s_integrals_frozen (test_pr_caloric.CaloricTests) ... ok
test_consistent_reference_shift (test_pr_caloric.CaloricTests) ... ok
test_cp_out_of_range_no_partial_results (test_pr_caloric.CaloricTests) ... ok
test_dataset_provenance_immutable_and_exact (test_pr_caloric.CaloricTests) ... ok
test_determinism_is_independent_of_call_order (test_pr_caloric.CaloricTests) ... ok
test_exact_single_component_ids (test_pr_caloric.CaloricTests) ... ok
test_frozen_temperature_sensitivity (test_pr_caloric.CaloricTests) ... ok
test_ideal_mixing_pressure_and_reference (test_pr_caloric.CaloricTests) ... ok
test_invalid_composition (test_pr_caloric.CaloricTests) ... ok
test_invalid_phase_and_root (test_pr_caloric.CaloricTests) ... ok
test_invalid_temperature_pressure (test_pr_caloric.CaloricTests) ... ok
test_low_pressure_limits (test_pr_caloric.CaloricTests) ... ok
test_manual_comparison_output_and_relative_error (test_pr_caloric.CaloricTests) ... ok
test_methane_cp_frozen (test_pr_caloric.CaloricTests) ... ok
test_missing_and_invalid_cp_data (test_pr_caloric.CaloricTests) ... ok
test_n_hexane_cp_frozen (test_pr_caloric.CaloricTests) ... ok
test_nonconvergence_propagates_without_caloric_values (test_pr_caloric.CaloricTests) ... ok
test_nonfinite_intermediate_not_published (test_pr_caloric.CaloricTests) ... ok
test_numerical_guards_abort_without_partial_properties (test_pr_caloric.CaloricTests) ... ok
test_offline_production_has_no_benchmark_or_library_runtime (test_pr_caloric.CaloricTests) ... ok
test_opt_in_capabilities (test_pr_caloric.CaloricTests) ... ok
test_phase_mixture_ideal_h_frozen (test_pr_caloric.CaloricTests) ... ok
test_phase_mixture_ideal_s_frozen (test_pr_caloric.CaloricTests) ... ok
test_reordered_component_ids (test_pr_caloric.CaloricTests) ... ok
test_residual_h_s_frozen (test_pr_caloric.CaloricTests) ... ok
test_single_phase_semantics (test_pr_caloric.CaloricTests) ... ok
test_total_phase_h_s_frozen (test_pr_caloric.CaloricTests) ... ok
test_two_phase_aggregation_and_flow (test_pr_caloric.CaloricTests) ... ok
test_units_and_invalid_helpers (test_pr_caloric.CaloricTests) ... ok
test_unqualified_bips_and_provenance (test_pr_caloric.CaloricTests) ... ok
test_unsupported_component_not_dropped_even_zero (test_pr_caloric.CaloricTests) ... ok
test_bisection_does_not_use_enthalpy (test_pr_ps_flash.Controls) ... ok
test_caloric_failure_preserves_underlying_status (test_pr_ps_flash.Controls) ... ok
test_capabilities_only_ps_added (test_pr_ps_flash.Controls) ... ok
test_complete_scan_before_ambiguity (test_pr_ps_flash.Controls) ... ok
test_discontinuity_not_temperature_only_success (test_pr_ps_flash.Controls) ... ok
test_exact_bisection_root_has_zero_final_span (test_pr_ps_flash.Controls) ... ok
test_exact_scan_point_no_duplicate_and_fresh_final (test_pr_ps_flash.Controls) ... ok
test_fresh_final_property_failure (test_pr_ps_flash.Controls) ... ok
test_fresh_final_residual_failure (test_pr_ps_flash.Controls) ... ok
test_hole_completes_scan_without_bridging (test_pr_ps_flash.Controls) ... ok
test_internal_round_trip_separate_from_external_acceptance (test_pr_ps_flash.Controls) ... ok
test_invalid_controls (test_pr_ps_flash.Controls) ... ok
test_near_endpoint_requires_fresh_final (test_pr_ps_flash.Controls) ... ok
test_near_scan_point_not_duplicated (test_pr_ps_flash.Controls) ... ok
test_no_bracket (test_pr_ps_flash.Controls) ... ok
test_nonfinite_enthalpy_not_published (test_pr_ps_flash.Controls) ... ok
test_nonfinite_entropy_rejected (test_pr_ps_flash.Controls) ... ok
test_offline_no_independent_runtime_dependencies (test_pr_ps_flash.Controls) ... ok
test_profile_mismatch_rejected (test_pr_ps_flash.Controls) ... ok
test_raised_property_failure_is_controlled (test_pr_ps_flash.Controls) ... ok
test_repeat_after_other_regimes_and_gap (test_pr_ps_flash.Controls) ... ok
test_root_iteration_limit (test_pr_ps_flash.Controls) ... ok
test_specification_and_provenance_validation (test_pr_ps_flash.Controls) ... ok
test_a_liquid (test_pr_ps_flash.FrozenMatrix) ... ok
test_above_range (test_pr_ps_flash.FrozenMatrix) ... ok
test_b_vl (test_pr_ps_flash.FrozenMatrix) ... ok
test_bad_sum (test_pr_ps_flash.FrozenMatrix) ... ok
test_below_range (test_pr_ps_flash.FrozenMatrix) ... ok
test_binary_30_70 (test_pr_ps_flash.FrozenMatrix) ... ok
test_bubble_above (test_pr_ps_flash.FrozenMatrix) ... ok
test_bubble_below (test_pr_ps_flash.FrozenMatrix) ... ok
test_c_vapor (test_pr_ps_flash.FrozenMatrix) ... ok
test_dew_above (test_pr_ps_flash.FrozenMatrix) ... ok
test_dew_below (test_pr_ps_flash.FrozenMatrix) ... ok
test_invalid_bounds_high (test_pr_ps_flash.FrozenMatrix) ... ok
test_invalid_bounds_low (test_pr_ps_flash.FrozenMatrix) ... ok
test_max_iterations (test_pr_ps_flash.FrozenMatrix) ... ok
test_near_reference (test_pr_ps_flash.FrozenMatrix) ... ok
test_negative_p (test_pr_ps_flash.FrozenMatrix) ... ok
test_negative_z (test_pr_ps_flash.FrozenMatrix) ... ok
test_nonfinite_p (test_pr_ps_flash.FrozenMatrix) ... ok
test_nonfinite_s (test_pr_ps_flash.FrozenMatrix) ... ok
test_nonzero_bip (test_pr_ps_flash.FrozenMatrix) ... ok
test_pure_coexistence_gap (test_pr_ps_flash.FrozenMatrix) ... ok
test_pure_hexane_liquid (test_pr_ps_flash.FrozenMatrix) ... ok
test_pure_hexane_vapor (test_pr_ps_flash.FrozenMatrix) ... ok
test_pure_methane (test_pr_ps_flash.FrozenMatrix) ... ok
test_synthetic_hole (test_pr_ps_flash.FrozenMatrix) ... ok
test_synthetic_multiple (test_pr_ps_flash.FrozenMatrix) ... ok
test_t350_liquid (test_pr_ps_flash.FrozenMatrix) ... ok
test_t350_vapor (test_pr_ps_flash.FrozenMatrix) ... ok
test_t350_vl (test_pr_ps_flash.FrozenMatrix) ... ok
test_unknown (test_pr_ps_flash.FrozenMatrix) ... ok
test_water (test_pr_ps_flash.FrozenMatrix) ... ok
test_zero_p (test_pr_ps_flash.FrozenMatrix) ... ok
test_caloric_failure_recorded_without_enthalpy (test_pr_ph_flash.Controls) ... ok
test_determinism_and_call_order (test_pr_ph_flash.Controls) ... ok
test_discontinuous_gap_cannot_pass_temperature_only (test_pr_ph_flash.Controls) ... ok
test_exact_scan_root_is_freshly_evaluated (test_pr_ph_flash.Controls) ... ok
test_final_evaluation_failure_not_cached_success (test_pr_ph_flash.Controls) ... ok
test_fresh_final_and_explicit_high_accuracy_every_trial (test_pr_ph_flash.Controls) ... ok
test_invalid_caloric_domain_propagates (test_pr_ph_flash.Controls) ... ok
test_invalid_input_and_controls (test_pr_ph_flash.Controls) ... ok
test_iteration_exhaustion (test_pr_ph_flash.Controls) ... ok
test_multiple_candidates_fail_without_selecting_first (test_pr_ph_flash.Controls) ... ok
test_no_benchmark_or_external_thermodynamic_imports (test_pr_ph_flash.Controls) ... ok
test_no_bracket (test_pr_ph_flash.Controls) ... ok
test_nonfinite_caloric_value (test_pr_ph_flash.Controls) ... ok
test_provider_advertises_standalone_ph_and_ps_extensions (test_pr_ph_flash.Controls) ... ok
test_pt_failure_recorded_and_not_bridged (test_pr_ph_flash.Controls) ... ok
test_pure_nhexane_gap (test_pr_ph_flash.Controls) ... ok
test_ph_a_single_liquid (test_pr_ph_flash.Matrix) ... ok
test_ph_above_range (test_pr_ph_flash.Matrix) ... ok
test_ph_b_vapor_liquid (test_pr_ph_flash.Matrix) ... ok
test_ph_below_range (test_pr_ph_flash.Matrix) ... ok
test_ph_bubble_above (test_pr_ph_flash.Matrix) ... ok
test_ph_bubble_below (test_pr_ph_flash.Matrix) ... ok
test_ph_c_single_vapor (test_pr_ph_flash.Matrix) ... ok
test_ph_cp_extrapolation (test_pr_ph_flash.Matrix) ... ok
test_ph_dew_above (test_pr_ph_flash.Matrix) ... ok
test_ph_dew_below (test_pr_ph_flash.Matrix) ... ok
test_ph_invalid_bounds (test_pr_ph_flash.Matrix) ... ok
test_ph_invalid_p (test_pr_ph_flash.Matrix) ... ok
test_ph_invalid_z (test_pr_ph_flash.Matrix) ... ok
test_ph_maxiter (test_pr_ph_flash.Matrix) ... ok
test_ph_near_zero_h (test_pr_ph_flash.Matrix) ... ok
test_ph_pure_methane_280k_100000pa (test_pr_ph_flash.Matrix) ... ok
test_ph_pure_methane_300k_100000pa (test_pr_ph_flash.Matrix) ... ok
test_ph_pure_methane_350k_100000pa (test_pr_ph_flash.Matrix) ... ok
test_ph_pure_methane_400k_100000pa (test_pr_ph_flash.Matrix) ... ok
test_ph_pure_n_hexane_280k_1000pa (test_pr_ph_flash.Matrix) ... ok
test_ph_pure_n_hexane_280k_30000000pa (test_pr_ph_flash.Matrix) ... ok
test_ph_pure_n_hexane_300k_1000pa (test_pr_ph_flash.Matrix) ... ok
test_ph_pure_n_hexane_300k_30000000pa (test_pr_ph_flash.Matrix) ... ok
test_ph_pure_n_hexane_350k_1000pa (test_pr_ph_flash.Matrix) ... ok
test_ph_pure_n_hexane_350k_30000000pa (test_pr_ph_flash.Matrix) ... ok
test_ph_pure_n_hexane_400k_1000pa (test_pr_ph_flash.Matrix) ... ok
test_ph_pure_n_hexane_400k_30000000pa (test_pr_ph_flash.Matrix) ... ok
test_ph_t280_l (test_pr_ph_flash.Matrix) ... ok
test_ph_t280_v (test_pr_ph_flash.Matrix) ... ok
test_ph_t280_vl (test_pr_ph_flash.Matrix) ... ok
test_ph_t350_l (test_pr_ph_flash.Matrix) ... ok
test_ph_t350_v (test_pr_ph_flash.Matrix) ... ok
test_ph_t350_vl (test_pr_ph_flash.Matrix) ... ok
test_ph_t400_l (test_pr_ph_flash.Matrix) ... ok
test_ph_t400_v (test_pr_ph_flash.Matrix) ... ok
test_ph_t400_vl (test_pr_ph_flash.Matrix) ... ok
test_ph_unsupported_water (test_pr_ph_flash.Matrix) ... ok
test_all_points_unavailable (test_pr_ph_intervals.Intervals) ... ok
test_bracket_cannot_cross_consecutive_holes (test_pr_ph_intervals.Intervals) ... ok
test_bracket_cannot_cross_single_hole (test_pr_ph_intervals.Intervals) ... ok
test_disconnected_roots_remain_ambiguous (test_pr_ph_intervals.Intervals) ... ok
test_discontinuity_still_fails_final_residual (test_pr_ph_intervals.Intervals) ... ok
test_exact_isolated_scan_root_preserves_fresh_final_rule (test_pr_ph_intervals.Intervals) ... ok
test_exact_roots_in_disconnected_intervals_remain_ambiguous (test_pr_ph_intervals.Intervals) ... ok
test_final_failure_cannot_reuse_scan_state (test_pr_ph_intervals.Intervals) ... ok
test_no_root_with_hole_preserves_failure_diagnostic (test_pr_ph_intervals.Intervals) ... ok
test_no_root_without_hole_remains_unbracketed (test_pr_ph_intervals.Intervals) ... ok
test_programming_error_is_not_a_property_hole (test_pr_ph_intervals.Intervals) ... ok
test_refinement_hole_fails_without_interpolation (test_pr_ph_intervals.Intervals) ... ok
test_repeat_and_call_order (test_pr_ph_intervals.Intervals) ... ok
test_single_near_target_point_is_not_exact_root (test_pr_ph_intervals.Intervals) ... ok
test_unique_root_after_leading_and_consecutive_holes (test_pr_ph_intervals.Intervals) ... ok
test_unique_root_before_unrelated_hole (test_pr_ph_intervals.Intervals) ... ok
test_canonical_adapter_and_molecular_table (test_pump_energy.PumpTests) ... ok
test_exact_pressure_equality_not_epsilon (test_pump_energy.PumpTests) ... ok
test_identity_never_calls_inverse_and_has_one_witness (test_pump_energy.PumpTests) ... ok
test_independent_caloric_input_and_invalid_payload (test_pump_energy.PumpTests) ... ok
test_model_bip_and_parameter_contract (test_pump_energy.PumpTests) ... ok
test_out_of_scope_scalar_inputs (test_pump_energy.PumpTests) ... ok
test_representation_roundoff_without_recipe_or_rate_overwrite (test_pump_energy.PumpTests) ... ok
test_synthetic_inverse_failures_are_atomic (test_pump_energy.PumpTests) ... ok
test_synthetic_later_witness_failures_are_atomic (test_pump_energy.PumpTests) ... ok
test_synthetic_missing_ambiguous_inconsistent_inverse_diagnostics (test_pump_energy.PumpTests) ... ok
test_synthetic_phase_payload_guard_injections (test_pump_energy.PumpTests) ... ok
test_synthetic_ps_holes_and_ph_valid_intervals (test_pump_energy.PumpTests) ... ok
test_synthetic_witness_failure_is_atomic (test_pump_energy.PumpTests) ... ok
test_synthetic_work_and_entropy_guards (test_pump_energy.PumpTests) ... ok
test_topology_rejects_disconnected_cycle_duplicate_ports (test_pump_energy.PumpTests) ... ok
test_ui_fixture_matches_cli (test_pump_energy.PumpTests) ... ok
test_27_source_contradictions (test_separator_pump_integration.SeparatorPumpIntegration) ... ok
test_absent_vapor_bulk_vl (test_separator_pump_integration.SeparatorPumpIntegration) ... ok
test_all30_fresh_evidence (test_separator_pump_integration.SeparatorPumpIntegration) ... ok
test_execution_resolution (test_separator_pump_integration.SeparatorPumpIntegration) ... ok
test_identity_skips_inverse (test_separator_pump_integration.SeparatorPumpIntegration) ... ok
test_names_do_not_authorize (test_separator_pump_integration.SeparatorPumpIntegration) ... ok
test_preservation (test_separator_pump_integration.SeparatorPumpIntegration) ... test_roundtrip_and_received_coordinates (test_separator_pump_integration.SeparatorPumpIntegration) ... ok
test_small_exception_work_screen (test_separator_pump_integration.SeparatorPumpIntegration) ... ok
test_stale_and_atomic_failure (test_separator_pump_integration.SeparatorPumpIntegration) ... ok
test_unsupported_and_injected_evidence (test_separator_pump_integration.SeparatorPumpIntegration) ... ok

======================================================================
FAIL: test_preservation (test_separator_pump_integration.SeparatorPumpIntegration) [next-env.d.ts]
----------------------------------------------------------------------
Traceback (most recent call last):
  File "/Users/giovaninunes/Folders/RioGineer/riogineer-website/engine/tests/test_separator_pump_integration.py", line 113, in test_preservation
    with self.subTest(p):self.assertEqual(hashlib.sha256((ROOT/p).read_bytes()).hexdigest(),paths[p])
AssertionError: '0f70629890b72a0a82e91972cc032c04b658b26c265373cb711cf576bfbf8fcc' != '1f2e4a6d7f55de2de72375901050f2af22ed89992a781fce74d6e6a4d3fc94f0'
- 0f70629890b72a0a82e91972cc032c04b658b26c265373cb711cf576bfbf8fcc
+ 1f2e4a6d7f55de2de72375901050f2af22ed89992a781fce74d6e6a4d3fc94f0


----------------------------------------------------------------------
Ran 274 tests in 139.663s

FAILED (failures=1)
