test_PS_holes_never_skipped (test_pt200_profile.Policy) ... ok
test_additive_guard_and_legacy_rejection (test_pt200_profile.Policy) ... ok
test_ambiguity_preserved_all_profiles (test_pt200_profile.Policy) ... ok
test_iteration_limit_real_PT_and_no_payload (test_pt200_profile.Policy) ... ok
test_nonfinite_inputs_and_properties (test_pt200_profile.Policy) ... ok
test_phase_guard_remains_active (test_pt200_profile.Policy) ... ok
test_residual_discontinuity_and_fresh_failure (test_pt200_profile.Policy) ... ok
test_settings_immutable_and_no_automatic_fallback (test_pt200_profile.Policy) ... ok
test_wrong_nested_profile_rejects (test_pt200_profile.Policy) ... ok
test_bisection_does_not_use_enthalpy (test_pr_ps_flash.Controls) ... ok
test_caloric_failure_preserves_underlying_status (test_pr_ps_flash.Controls) ... ok
test_capabilities_only_ps_added (test_pr_ps_flash.Controls) ... ok
test_complete_scan_before_ambiguity (test_pr_ps_flash.Controls) ... ok
test_discontinuity_not_temperature_only_success (test_pr_ps_flash.Controls) ... ok
test_exact_bisection_root_has_zero_final_span (test_pr_ps_flash.Controls) ... ok
test_exact_scan_point_no_duplicate_and_fresh_final (test_pr_ps_flash.Controls) ... ok
test_fresh_final_property_failure (test_pr_ps_flash.Controls) ... ok
test_fresh_final_residual_failure (test_pr_ps_flash.Controls) ... ok
test_hole_completes_scan_without_bridging (test_pr_ps_flash.Controls) ... ok
test_internal_round_trip_separate_from_external_acceptance (test_pr_ps_flash.Controls) ... ok
test_invalid_controls (test_pr_ps_flash.Controls) ... ok
test_near_endpoint_requires_fresh_final (test_pr_ps_flash.Controls) ... ok
test_near_scan_point_not_duplicated (test_pr_ps_flash.Controls) ... ok
test_no_bracket (test_pr_ps_flash.Controls) ... ok
test_nonfinite_enthalpy_not_published (test_pr_ps_flash.Controls) ... ok
test_nonfinite_entropy_rejected (test_pr_ps_flash.Controls) ... ok
test_offline_no_independent_runtime_dependencies (test_pr_ps_flash.Controls) ... ok
test_profile_mismatch_rejected (test_pr_ps_flash.Controls) ... ok
test_raised_property_failure_is_controlled (test_pr_ps_flash.Controls) ... ok
test_repeat_after_other_regimes_and_gap (test_pr_ps_flash.Controls) ... ok
test_root_iteration_limit (test_pr_ps_flash.Controls) ... ok
test_specification_and_provenance_validation (test_pr_ps_flash.Controls) ... ok
test_a_liquid (test_pr_ps_flash.FrozenMatrix) ... ok
test_above_range (test_pr_ps_flash.FrozenMatrix) ... ok
test_b_vl (test_pr_ps_flash.FrozenMatrix) ... ok
test_bad_sum (test_pr_ps_flash.FrozenMatrix) ... ok
test_below_range (test_pr_ps_flash.FrozenMatrix) ... ok
test_binary_30_70 (test_pr_ps_flash.FrozenMatrix) ... ok
test_bubble_above (test_pr_ps_flash.FrozenMatrix) ... ok
test_bubble_below (test_pr_ps_flash.FrozenMatrix) ... ok
test_c_vapor (test_pr_ps_flash.FrozenMatrix) ... ok
test_dew_above (test_pr_ps_flash.FrozenMatrix) ... ok
test_dew_below (test_pr_ps_flash.FrozenMatrix) ... ok
test_invalid_bounds_high (test_pr_ps_flash.FrozenMatrix) ... ok
test_invalid_bounds_low (test_pr_ps_flash.FrozenMatrix) ... ok
test_max_iterations (test_pr_ps_flash.FrozenMatrix) ... ok
test_near_reference (test_pr_ps_flash.FrozenMatrix) ... ok
test_negative_p (test_pr_ps_flash.FrozenMatrix) ... ok
test_negative_z (test_pr_ps_flash.FrozenMatrix) ... ok
test_nonfinite_p (test_pr_ps_flash.FrozenMatrix) ... ok
test_nonfinite_s (test_pr_ps_flash.FrozenMatrix) ... ok
test_nonzero_bip (test_pr_ps_flash.FrozenMatrix) ... ok
test_pure_coexistence_gap (test_pr_ps_flash.FrozenMatrix) ... ok
test_pure_hexane_liquid (test_pr_ps_flash.FrozenMatrix) ... ok
test_pure_hexane_vapor (test_pr_ps_flash.FrozenMatrix) ... ok
test_pure_methane (test_pr_ps_flash.FrozenMatrix) ... ok
test_synthetic_hole (test_pr_ps_flash.FrozenMatrix) ... ok
test_synthetic_multiple (test_pr_ps_flash.FrozenMatrix) ... ok
test_t350_liquid (test_pr_ps_flash.FrozenMatrix) ... ok
test_t350_vapor (test_pr_ps_flash.FrozenMatrix) ... ok
test_t350_vl (test_pr_ps_flash.FrozenMatrix) ... ok
test_unknown (test_pr_ps_flash.FrozenMatrix) ... ok
test_water (test_pr_ps_flash.FrozenMatrix) ... ok
test_zero_p (test_pr_ps_flash.FrozenMatrix) ... ok
test_caloric_failure_recorded_without_enthalpy (test_pr_ph_flash.Controls) ... ok
test_determinism_and_call_order (test_pr_ph_flash.Controls) ... ok
test_discontinuous_gap_cannot_pass_temperature_only (test_pr_ph_flash.Controls) ... ok
test_exact_scan_root_is_freshly_evaluated (test_pr_ph_flash.Controls) ... ok
test_final_evaluation_failure_not_cached_success (test_pr_ph_flash.Controls) ... ok
test_fresh_final_and_explicit_high_accuracy_every_trial (test_pr_ph_flash.Controls) ... ok
test_invalid_caloric_domain_propagates (test_pr_ph_flash.Controls) ... ok
test_invalid_input_and_controls (test_pr_ph_flash.Controls) ... ok
test_iteration_exhaustion (test_pr_ph_flash.Controls) ... ok
test_multiple_candidates_fail_without_selecting_first (test_pr_ph_flash.Controls) ... ok
test_no_benchmark_or_external_thermodynamic_imports (test_pr_ph_flash.Controls) ... ok
test_no_bracket (test_pr_ph_flash.Controls) ... ok
test_nonfinite_caloric_value (test_pr_ph_flash.Controls) ... ok
test_provider_advertises_standalone_ph_and_ps_extensions (test_pr_ph_flash.Controls) ... ok
test_pt_failure_recorded_and_not_bridged (test_pr_ph_flash.Controls) ... ok
test_pure_nhexane_gap (test_pr_ph_flash.Controls) ... ok
test_ph_a_single_liquid (test_pr_ph_flash.Matrix) ... ok
test_ph_above_range (test_pr_ph_flash.Matrix) ... ok
test_ph_b_vapor_liquid (test_pr_ph_flash.Matrix) ... ok
test_ph_below_range (test_pr_ph_flash.Matrix) ... ok
test_ph_bubble_above (test_pr_ph_flash.Matrix) ... ok
test_ph_bubble_below (test_pr_ph_flash.Matrix) ... ok
test_ph_c_single_vapor (test_pr_ph_flash.Matrix) ... ok
test_ph_cp_extrapolation (test_pr_ph_flash.Matrix) ... ok
test_ph_dew_above (test_pr_ph_flash.Matrix) ... ok
test_ph_dew_below (test_pr_ph_flash.Matrix) ... ok
test_ph_invalid_bounds (test_pr_ph_flash.Matrix) ... ok
test_ph_invalid_p (test_pr_ph_flash.Matrix) ... ok
test_ph_invalid_z (test_pr_ph_flash.Matrix) ... ok
test_ph_maxiter (test_pr_ph_flash.Matrix) ... ok
test_ph_near_zero_h (test_pr_ph_flash.Matrix) ... ok
test_ph_pure_methane_280k_100000pa (test_pr_ph_flash.Matrix) ... ok
test_ph_pure_methane_300k_100000pa (test_pr_ph_flash.Matrix) ... ok
test_ph_pure_methane_350k_100000pa (test_pr_ph_flash.Matrix) ... ok
test_ph_pure_methane_400k_100000pa (test_pr_ph_flash.Matrix) ... ok
test_ph_pure_n_hexane_280k_1000pa (test_pr_ph_flash.Matrix) ... ok
test_ph_pure_n_hexane_280k_30000000pa (test_pr_ph_flash.Matrix) ... ok
test_ph_pure_n_hexane_300k_1000pa (test_pr_ph_flash.Matrix) ... ok
test_ph_pure_n_hexane_300k_30000000pa (test_pr_ph_flash.Matrix) ... ok
test_ph_pure_n_hexane_350k_1000pa (test_pr_ph_flash.Matrix) ... ok
test_ph_pure_n_hexane_350k_30000000pa (test_pr_ph_flash.Matrix) ... ok
test_ph_pure_n_hexane_400k_1000pa (test_pr_ph_flash.Matrix) ... ok
test_ph_pure_n_hexane_400k_30000000pa (test_pr_ph_flash.Matrix) ... ok
test_ph_t280_l (test_pr_ph_flash.Matrix) ... ok
test_ph_t280_v (test_pr_ph_flash.Matrix) ... ok
test_ph_t280_vl (test_pr_ph_flash.Matrix) ... ok
test_ph_t350_l (test_pr_ph_flash.Matrix) ... ok
test_ph_t350_v (test_pr_ph_flash.Matrix) ... ok
test_ph_t350_vl (test_pr_ph_flash.Matrix) ... ok
test_ph_t400_l (test_pr_ph_flash.Matrix) ... ok
test_ph_t400_v (test_pr_ph_flash.Matrix) ... ok
test_ph_t400_vl (test_pr_ph_flash.Matrix) ... ok
test_ph_unsupported_water (test_pr_ph_flash.Matrix) ... ok
test_canonical_adapter_and_molecular_table (test_pump_energy.PumpTests) ... ok
test_exact_pressure_equality_not_epsilon (test_pump_energy.PumpTests) ... ok
test_identity_never_calls_inverse_and_has_one_witness (test_pump_energy.PumpTests) ... ok
test_independent_caloric_input_and_invalid_payload (test_pump_energy.PumpTests) ... ok
test_model_bip_and_parameter_contract (test_pump_energy.PumpTests) ... ok
test_out_of_scope_scalar_inputs (test_pump_energy.PumpTests) ... ok
test_representation_roundoff_without_recipe_or_rate_overwrite (test_pump_energy.PumpTests) ... ok
test_synthetic_inverse_failures_are_atomic (test_pump_energy.PumpTests) ... ok
test_synthetic_later_witness_failures_are_atomic (test_pump_energy.PumpTests) ... ok
test_synthetic_missing_ambiguous_inconsistent_inverse_diagnostics (test_pump_energy.PumpTests) ... ok
test_synthetic_phase_payload_guard_injections (test_pump_energy.PumpTests) ... ok
test_synthetic_ps_holes_and_ph_valid_intervals (test_pump_energy.PumpTests) ... ok
test_synthetic_witness_failure_is_atomic (test_pump_energy.PumpTests) ... ok
test_synthetic_work_and_entropy_guards (test_pump_energy.PumpTests) ... ok
test_topology_rejects_disconnected_cycle_duplicate_ports (test_pump_energy.PumpTests) ... ok
test_ui_fixture_matches_cli (test_pump_energy.PumpTests) ... ok

----------------------------------------------------------------------
Ran 133 tests in 135.739s

OK
