test_contracts_ports_and_caloric_basis_reject_inconsistent_inputs (test_compression.CompressionTests) ... ok
test_incorrect_work_and_cycles_fail (test_compression.CompressionTests) ... ok
test_invalid_parameters_and_finite_enforcement (test_compression.CompressionTests) ... ok
test_original_oil_train_unchanged (test_compression.CompressionTests) ... ok
test_parallel_scheduling_reordering_renaming_and_stream_identity (test_compression.CompressionTests) ... ok
test_reference_benchmark_mass_and_energy_boundary (test_compression.CompressionTests) ... ok
test_upstream_runtime_component_pressure_temperature_propagation (test_compression.CompressionTests) ... ok
test_inlet_state_is_recomputed_from_stream (test_compressor_energy.CompressorIntegration) ... ok
test_invalid_model_and_port_count (test_compressor_energy.CompressorIntegration) ... ok
test_invalid_nested_diagnostics_are_rejected (test_compressor_energy.CompressorIntegration) ... ok
test_m7_flow_conversion_is_the_runtime_authority (test_compressor_energy.CompressorIntegration) ... ok
test_normal_process_uses_registry_and_serializes (test_compressor_energy.CompressorIntegration) ... ok
test_process_failure_returns_no_result (test_compressor_energy.CompressorIntegration) ... ok
test_public_process_propagates_injected_ps_and_ph_failures (test_compressor_energy.CompressorIntegration) ... ok
test_successful_nested_ph_cannot_hide_invalid_enthalpy (test_compressor_energy.CompressorIntegration) ... ok
test_successful_ph_nonvapor_state_is_rejected (test_compressor_energy.CompressorIntegration) ... ok
test_successful_ps_cannot_hide_entropy_error (test_compressor_energy.CompressorIntegration) ... ok
test_call_order_and_determinism (test_compressor_energy.FrozenCompressorMatrix) ... ok
test_flow_series_frozen_allowances (test_compressor_energy.FrozenCompressorMatrix) ... ok
test_negative_BAD_SUM (test_compressor_energy.FrozenCompressorMatrix) ... ok
test_negative_ETA_-0.1 (test_compressor_energy.FrozenCompressorMatrix) ... ok
test_negative_ETA_-Infinity (test_compressor_energy.FrozenCompressorMatrix) ... ok
test_negative_ETA_0.0 (test_compressor_energy.FrozenCompressorMatrix) ... ok
test_negative_ETA_1.01 (test_compressor_energy.FrozenCompressorMatrix) ... ok
test_negative_ETA_Infinity (test_compressor_energy.FrozenCompressorMatrix) ... ok
test_negative_ETA_NaN (test_compressor_energy.FrozenCompressorMatrix) ... ok
test_negative_FLOW_-1.0 (test_compressor_energy.FrozenCompressorMatrix) ... ok
test_negative_FLOW_-Infinity (test_compressor_energy.FrozenCompressorMatrix) ... ok
test_negative_FLOW_0.0 (test_compressor_energy.FrozenCompressorMatrix) ... ok
test_negative_FLOW_Infinity (test_compressor_energy.FrozenCompressorMatrix) ... ok
test_negative_FLOW_NaN (test_compressor_energy.FrozenCompressorMatrix) ... ok
test_negative_LIQUID_SERVICE (test_compressor_energy.FrozenCompressorMatrix) ... ok
test_negative_NEGATIVE_Z (test_compressor_energy.FrozenCompressorMatrix) ... ok
test_negative_NONFINITE_Z (test_compressor_energy.FrozenCompressorMatrix) ... ok
test_negative_NONZERO_KIJ (test_compressor_energy.FrozenCompressorMatrix) ... ok
test_negative_P1_-1.0 (test_compressor_energy.FrozenCompressorMatrix) ... ok
test_negative_P1_-Infinity (test_compressor_energy.FrozenCompressorMatrix) ... ok
test_negative_P1_0.0 (test_compressor_energy.FrozenCompressorMatrix) ... ok
test_negative_P1_Infinity (test_compressor_energy.FrozenCompressorMatrix) ... ok
test_negative_P1_NaN (test_compressor_energy.FrozenCompressorMatrix) ... ok
test_negative_P2_-1.0 (test_compressor_energy.FrozenCompressorMatrix) ... ok
test_negative_P2_-Infinity (test_compressor_energy.FrozenCompressorMatrix) ... ok
test_negative_P2_0.0 (test_compressor_energy.FrozenCompressorMatrix) ... ok
test_negative_P2_100000.0 (test_compressor_energy.FrozenCompressorMatrix) ... ok
test_negative_P2_50000.0 (test_compressor_energy.FrozenCompressorMatrix) ... ok
test_negative_P2_Infinity (test_compressor_energy.FrozenCompressorMatrix) ... ok
test_negative_P2_NaN (test_compressor_energy.FrozenCompressorMatrix) ... ok
test_negative_PH_GAP (test_compressor_energy.FrozenCompressorMatrix) ... ok
test_negative_PH_INJECTED (test_compressor_energy.FrozenCompressorMatrix) ... ok
test_negative_PH_UNBRACKETED (test_compressor_energy.FrozenCompressorMatrix) ... ok
test_negative_PS_AMBIGUOUS (test_compressor_energy.FrozenCompressorMatrix) ... ok
test_negative_PS_GAP (test_compressor_energy.FrozenCompressorMatrix) ... ok
test_negative_PS_HOLE (test_compressor_energy.FrozenCompressorMatrix) ... ok
test_negative_PS_INJECTED (test_compressor_energy.FrozenCompressorMatrix) ... ok
test_negative_PS_UNBRACKETED (test_compressor_energy.FrozenCompressorMatrix) ... ok
test_negative_PT_INJECTED (test_compressor_energy.FrozenCompressorMatrix) ... ok
test_negative_T_HIGH (test_compressor_energy.FrozenCompressorMatrix) ... ok
test_negative_T_LOW (test_compressor_energy.FrozenCompressorMatrix) ... ok
test_negative_T_NAN (test_compressor_energy.FrozenCompressorMatrix) ... ok
test_negative_UNKNOWN (test_compressor_energy.FrozenCompressorMatrix) ... ok
test_negative_VL_SERVICE (test_compressor_energy.FrozenCompressorMatrix) ... ok
test_negative_WATER (test_compressor_energy.FrozenCompressorMatrix) ... ok
test_positive_BALANCED (test_compressor_energy.FrozenCompressorMatrix) ... ok
test_positive_BOUNDARY_VAPOR (test_compressor_energy.FrozenCompressorMatrix) ... ok
test_positive_CANONICAL (test_compressor_energy.FrozenCompressorMatrix) ... ok
test_positive_ETA_0.6 (test_compressor_energy.FrozenCompressorMatrix) ... ok
test_positive_ETA_0.7 (test_compressor_energy.FrozenCompressorMatrix) ... ok
test_positive_ETA_0.75 (test_compressor_energy.FrozenCompressorMatrix) ... ok
test_positive_ETA_0.85 (test_compressor_energy.FrozenCompressorMatrix) ... ok
test_positive_ETA_0.9 (test_compressor_energy.FrozenCompressorMatrix) ... ok
test_positive_ETA_1.0 (test_compressor_energy.FrozenCompressorMatrix) ... ok
test_positive_FLOW_1.0 (test_compressor_energy.FrozenCompressorMatrix) ... ok
test_positive_FLOW_10.0 (test_compressor_energy.FrozenCompressorMatrix) ... ok
test_positive_FLOW_200.0 (test_compressor_energy.FrozenCompressorMatrix) ... ok
test_positive_HEXANE_RICH (test_compressor_energy.FrozenCompressorMatrix) ... ok
test_positive_PURE_HEXANE (test_compressor_energy.FrozenCompressorMatrix) ... ok
test_positive_PURE_METHANE (test_compressor_energy.FrozenCompressorMatrix) ... ok
test_positive_RATIO_1.5 (test_compressor_energy.FrozenCompressorMatrix) ... ok
test_positive_RATIO_2.0 (test_compressor_energy.FrozenCompressorMatrix) ... ok
test_positive_RATIO_5.0 (test_compressor_energy.FrozenCompressorMatrix) ... ok
test_positive_RATIO_8.0 (test_compressor_energy.FrozenCompressorMatrix) ... ok
test_vl_study_is_not_an_accepted_service_case (test_compressor_energy.FrozenCompressorMatrix) ... ok
test_absent_outlet_has_null_composition (test_engine.EngineeringTests) ... ok
test_all_stream_quantities_match_saved_bia_results (test_engine.EngineeringTests) ... ok
test_case_and_equipment_ids_are_not_hardcoded (test_engine.EngineeringTests) ... ok
test_input_is_not_mutated_and_unavailable_is_explicit (test_engine.EngineeringTests) ... ok
test_layout_and_status_are_not_numerical_identity (test_engine.EngineeringTests) ... ok
test_nonfinite_duplicate_json_and_overflow_rejected (test_engine.EngineeringTests) ... ok
test_numerical_and_topology_changes_invalidate_identity (test_engine.EngineeringTests) ... ok
test_recovery_case_from_existing_teaching_reference (test_engine.EngineeringTests) ... ok
test_reference_snapshots_are_byte_identical_to_manifest (test_engine.EngineeringTests) ... ok
test_strict_requirements_rejections (test_engine.EngineeringTests) ... ok
test_temperature_case_from_existing_teaching_reference (test_engine.EngineeringTests) ... ok
test_topology_rejections (test_engine.EngineeringTests) ... ok
ERROR
test_actual_mass_temperature_pressure_reach_provider (test_equilibrium_separator.EquilibriumSeparatorTests) ... ok
test_build_never_flashes_and_numbers_are_stable (test_equilibrium_separator.EquilibriumSeparatorTests) ... ok
test_fixture_mass_basis_and_round_trip_against_independent_reference (test_equilibrium_separator.EquilibriumSeparatorTests) ... ok
test_invalid_specs_rejected_before_calculation (test_equilibrium_separator.EquilibriumSeparatorTests) ... ok
test_nonconvergence_and_all_failure_statuses_abort_network (test_equilibrium_separator.EquilibriumSeparatorTests) ... ok
test_single_phases_keep_declared_zero_streams_without_fabricated_properties (test_equilibrium_separator.EquilibriumSeparatorTests) ... ok
test_water_and_unknown_direct_equipment_fail_before_provider (test_equilibrium_separator.EquilibriumSeparatorTests) ... ok
test_both_and_neither_rejected (test_heater_cooler_energy.EquipmentIntegration) ... ok
test_determinism_and_call_order (test_heater_cooler_energy.EquipmentIntegration) ... ok
test_m7_conversion_and_scaling (test_heater_cooler_energy.EquipmentIntegration) ... ok
test_mode_a_does_not_call_ph (test_heater_cooler_energy.EquipmentIntegration) ... ok
test_process_failure_has_no_results (test_heater_cooler_energy.EquipmentIntegration) ... ok
test_process_identity_serialization_and_runtime (test_heater_cooler_energy.EquipmentIntegration) ... ok
test_pt_and_ph_failure_propagation (test_heater_cooler_energy.EquipmentIntegration) ... ok
test_BUBBLE_ADJACENT_HEATING (test_heater_cooler_energy.FrozenMatrix) ... ok
test_DEW_ADJACENT_COOLING (test_heater_cooler_energy.FrozenMatrix) ... ok
test_LIQUID_COOLING (test_heater_cooler_energy.FrozenMatrix) ... ok
test_LIQUID_HEATING (test_heater_cooler_energy.FrozenMatrix) ... ok
test_LIQUID_TO_TWO_PHASE (test_heater_cooler_energy.FrozenMatrix) ... ok
test_SPECIFIED_OUTLET_PRESSURE (test_heater_cooler_energy.FrozenMatrix) ... ok
test_TWO_PHASE_TO_LIQUID (test_heater_cooler_energy.FrozenMatrix) ... ok
test_TWO_PHASE_TO_TWO_PHASE (test_heater_cooler_energy.FrozenMatrix) ... ok
test_TWO_PHASE_TO_VAPOR (test_heater_cooler_energy.FrozenMatrix) ... ok
test_VAPOR_COOLING (test_heater_cooler_energy.FrozenMatrix) ... ok
test_VAPOR_HEATING (test_heater_cooler_energy.FrozenMatrix) ... ok
test_VAPOR_HEATING_DOUBLE_FLOW (test_heater_cooler_energy.FrozenMatrix) ... ok
test_VAPOR_TO_TWO_PHASE (test_heater_cooler_energy.FrozenMatrix) ... ok
test_ZERO_DUTY (test_heater_cooler_energy.FrozenMatrix) ... ok
test_reject_INFINITE_DUTY (test_heater_cooler_energy.FrozenMatrix) ... ok
test_reject_INFINITE_FLOW (test_heater_cooler_energy.FrozenMatrix) ... ok
test_reject_INLET_CP_EXTRAPOLATION (test_heater_cooler_energy.FrozenMatrix) ... ok
test_reject_INVALID_COMPOSITION (test_heater_cooler_energy.FrozenMatrix) ... ok
test_reject_INVALID_INLET_PRESSURE (test_heater_cooler_energy.FrozenMatrix) ... ok
test_reject_INVALID_OUTLET_PRESSURE (test_heater_cooler_energy.FrozenMatrix) ... ok
test_reject_NAN_DUTY (test_heater_cooler_energy.FrozenMatrix) ... ok
test_reject_NAN_FLOW (test_heater_cooler_energy.FrozenMatrix) ... ok
test_reject_NEGATIVE_FLOW (test_heater_cooler_energy.FrozenMatrix) ... ok
test_reject_OUTLET_CP_EXTRAPOLATION (test_heater_cooler_energy.FrozenMatrix) ... ok
test_reject_PURE_COEXISTENCE_GAP (test_heater_cooler_energy.FrozenMatrix) ... ok
test_reject_UNBRACKETED_HIGH_TARGET (test_heater_cooler_energy.FrozenMatrix) ... ok
test_reject_UNBRACKETED_LOW_TARGET (test_heater_cooler_energy.FrozenMatrix) ... ok
test_reject_UNSUPPORTED_WATER (test_heater_cooler_energy.FrozenMatrix) ... ok
test_reject_ZERO_FLOW (test_heater_cooler_energy.FrozenMatrix) ... ok
test_bad_splits_rejected (test_network.NetworkTests) ... ok
test_component_and_caloric_basis_validation (test_network.NetworkTests) ... ok
test_cycle_rejected_without_iteration (test_network.NetworkTests) ... ok
test_duplicate_ids_numbers_and_missing_port_rejected (test_network.NetworkTests) ... ok
test_engineering_changes_invalidate_fingerprint (test_network.NetworkTests) ... ok
test_independent_ready_units_have_canonical_tie_breaking (test_network.NetworkTests) ... ok
test_invalid_calculated_balance_cannot_be_published (test_network.NetworkTests) ... ok
test_mixer_equal_conditions_and_unsupported_differences (test_network.NetworkTests) ... ok
test_order_layout_identity_and_repeated_calculation (test_network.NetworkTests) ... ok
test_original_separator_and_nonzero_duty_unchanged (test_network.NetworkTests) ... ok
test_pressure_increase_and_unsupported_equipment_blocked (test_network.NetworkTests) ... ok
test_reference_component_splits_merge_and_balances (test_network.NetworkTests) ... ok
test_reference_topology_and_numbers (test_network.NetworkTests) ... ok
test_schedule_uses_dependencies_not_tags_or_array_order (test_network.NetworkTests) ... ok
test_stream_identity_is_independent_of_service_names (test_network.NetworkTests) ... ok
test_unknown_owners_ports_directions_and_occupied_ports (test_network.NetworkTests) ... ok
test_version_dispatch_preserves_invalid_document_errors (test_network.NetworkTests) ... ok
test_zero_branch_is_distinct_from_unavailable (test_network.NetworkTests) ... ok
test_analytic_alpha_derivative_frozen (test_pr_caloric.CaloricTests) ... ok
test_analytic_mixture_attraction_derivative_frozen (test_pr_caloric.CaloricTests) ... ok
test_analytic_pure_attraction_derivative_frozen (test_pr_caloric.CaloricTests) ... ok
test_complete_frozen_comparison_and_readonly_reference (test_pr_caloric.CaloricTests) ... ok
test_component_ideal_h_s_integrals_frozen (test_pr_caloric.CaloricTests) ... ok
test_consistent_reference_shift (test_pr_caloric.CaloricTests) ... ok
test_cp_out_of_range_no_partial_results (test_pr_caloric.CaloricTests) ... ok
test_dataset_provenance_immutable_and_exact (test_pr_caloric.CaloricTests) ... ok
test_determinism_is_independent_of_call_order (test_pr_caloric.CaloricTests) ... ok
test_exact_single_component_ids (test_pr_caloric.CaloricTests) ... ok
test_frozen_temperature_sensitivity (test_pr_caloric.CaloricTests) ... ok
test_ideal_mixing_pressure_and_reference (test_pr_caloric.CaloricTests) ... ok
test_invalid_composition (test_pr_caloric.CaloricTests) ... ok
test_invalid_phase_and_root (test_pr_caloric.CaloricTests) ... ok
test_invalid_temperature_pressure (test_pr_caloric.CaloricTests) ... ok
test_low_pressure_limits (test_pr_caloric.CaloricTests) ... ok
test_manual_comparison_output_and_relative_error (test_pr_caloric.CaloricTests) ... ok
test_methane_cp_frozen (test_pr_caloric.CaloricTests) ... ok
test_missing_and_invalid_cp_data (test_pr_caloric.CaloricTests) ... ok
test_n_hexane_cp_frozen (test_pr_caloric.CaloricTests) ... ok
test_nonconvergence_propagates_without_caloric_values (test_pr_caloric.CaloricTests) ... FAIL
test_nonfinite_intermediate_not_published (test_pr_caloric.CaloricTests) ... ok
test_numerical_guards_abort_without_partial_properties (test_pr_caloric.CaloricTests) ... ok
test_offline_production_has_no_benchmark_or_library_runtime (test_pr_caloric.CaloricTests) ... ok
test_opt_in_capabilities (test_pr_caloric.CaloricTests) ... ok
test_phase_mixture_ideal_h_frozen (test_pr_caloric.CaloricTests) ... ok
test_phase_mixture_ideal_s_frozen (test_pr_caloric.CaloricTests) ... ok
test_reordered_component_ids (test_pr_caloric.CaloricTests) ... ok
test_residual_h_s_frozen (test_pr_caloric.CaloricTests) ... ok
test_single_phase_semantics (test_pr_caloric.CaloricTests) ... ok
test_total_phase_h_s_frozen (test_pr_caloric.CaloricTests) ... ok
test_two_phase_aggregation_and_flow (test_pr_caloric.CaloricTests) ... ok
test_units_and_invalid_helpers (test_pr_caloric.CaloricTests) ... ok
test_unqualified_bips_and_provenance (test_pr_caloric.CaloricTests) ... ok
test_unsupported_component_not_dropped_even_zero (test_pr_caloric.CaloricTests) ... ok
test_saved_report_matches_current_production (test_pr_comparison.ComparisonTests) ... ok
test_bip_validation_and_nonzero_sensitivity (test_pr_eos.EOSGate) ... ok
test_component_permutation (test_pr_eos.EOSGate) ... ok
test_fixed_composition_fugacity (test_pr_eos.EOSGate) ... ok
test_mixing_and_all_roots (test_pr_eos.EOSGate) ... ok
test_phase_identification_matches_independent_derivatives (test_pr_eos.EOSGate) ... ok
test_pure_parameters (test_pr_eos.EOSGate) ... ok
test_root_and_log_domain_guards (test_pr_eos.EOSGate) ... ok
test_all_27_independent_nearby_states (test_pr_flash.FlashTests) ... ok
test_bip_identity_absence_and_validation (test_pr_flash.FlashTests) ... ok
test_call_history_and_thread_isolation (test_pr_flash.FlashTests) ... ok
test_cases_abc_frozen (test_pr_flash.FlashTests) ... ok
test_exp_and_extreme_numerical_failure (test_pr_flash.FlashTests) ... ok
test_independent_returned_equilibrium_closure (test_pr_flash.FlashTests) ... ok
test_invalid_composition_and_order (test_pr_flash.FlashTests) ... ok
test_invalid_temperature_pressure (test_pr_flash.FlashTests) ... ok
test_m7_molar_projection_adapter_is_explicit (test_pr_flash.FlashTests) ... ok
test_nonconvergence_taxonomy_and_no_valid_last_iterate (test_pr_flash.FlashTests) ... ok
test_nonzero_bip_independent (test_pr_flash.FlashTests) ... ok
test_permutation_and_immutable_inputs (test_pr_flash.FlashTests) ... ok
test_pressure_scan_independent (test_pr_flash.FlashTests) ... ok
test_provider_registry_and_scope (test_pr_flash.FlashTests) ... ok
test_runtime_dependency_isolation (test_pr_flash.FlashTests) ... ok
test_temperature_pressure_composition_sensitivity (test_pr_flash.FlashTests) ... ok
test_unstable_no_root_wilson_recovers_via_qualified_restart (test_pr_flash.FlashTests) ... ok
test_water_and_unknown_components_not_removed (test_pr_flash.FlashTests) ... ok
test_wilson_is_only_initialization (test_pr_flash.FlashTests) ... ok
test_endpoint_tendencies_are_not_stability (test_pr_flash.RRTests) ... ok
test_frozen_K_isolated (test_pr_flash.RRTests) ... ok
test_invalid_domains (test_pr_flash.RRTests) ... ok
test_iteration_failure (test_pr_flash.RRTests) ... ok
test_common_tangent (test_pr_flash.StabilityTests) ... ok
test_frozen_classifications_and_tpd (test_pr_flash.StabilityTests) ... ok
test_nonconvergence_never_classifies (test_pr_flash.StabilityTests) ... ok
test_caloric_failure_recorded_without_enthalpy (test_pr_ph_flash.Controls) ... ok
test_determinism_and_call_order (test_pr_ph_flash.Controls) ... ok
test_discontinuous_gap_cannot_pass_temperature_only (test_pr_ph_flash.Controls) ... ok
test_exact_scan_root_is_freshly_evaluated (test_pr_ph_flash.Controls) ... ok
test_final_evaluation_failure_not_cached_success (test_pr_ph_flash.Controls) ... ok
test_fresh_final_and_explicit_high_accuracy_every_trial (test_pr_ph_flash.Controls) ... ok
test_invalid_caloric_domain_propagates (test_pr_ph_flash.Controls) ... ok
test_invalid_input_and_controls (test_pr_ph_flash.Controls) ... ok
test_iteration_exhaustion (test_pr_ph_flash.Controls) ... ok
test_multiple_candidates_fail_without_selecting_first (test_pr_ph_flash.Controls) ... ok
test_no_benchmark_or_external_thermodynamic_imports (test_pr_ph_flash.Controls) ... ok
test_no_bracket (test_pr_ph_flash.Controls) ... ok
test_nonfinite_caloric_value (test_pr_ph_flash.Controls) ... ok
test_provider_advertises_standalone_ph_and_ps_extensions (test_pr_ph_flash.Controls) ... ok
test_pt_failure_recorded_and_not_bridged (test_pr_ph_flash.Controls) ... ok
test_pure_nhexane_gap (test_pr_ph_flash.Controls) ... ok
test_ph_a_single_liquid (test_pr_ph_flash.Matrix) ... ok
test_ph_above_range (test_pr_ph_flash.Matrix) ... ok
test_ph_b_vapor_liquid (test_pr_ph_flash.Matrix) ... ok
test_ph_below_range (test_pr_ph_flash.Matrix) ... ok
test_ph_bubble_above (test_pr_ph_flash.Matrix) ... ok
test_ph_bubble_below (test_pr_ph_flash.Matrix) ... ok
test_ph_c_single_vapor (test_pr_ph_flash.Matrix) ... ok
test_ph_cp_extrapolation (test_pr_ph_flash.Matrix) ... ok
test_ph_dew_above (test_pr_ph_flash.Matrix) ... ok
test_ph_dew_below (test_pr_ph_flash.Matrix) ... ok
test_ph_invalid_bounds (test_pr_ph_flash.Matrix) ... ok
test_ph_invalid_p (test_pr_ph_flash.Matrix) ... ok
test_ph_invalid_z (test_pr_ph_flash.Matrix) ... ok
test_ph_maxiter (test_pr_ph_flash.Matrix) ... ok
test_ph_near_zero_h (test_pr_ph_flash.Matrix) ... ok
test_ph_pure_methane_280k_100000pa (test_pr_ph_flash.Matrix) ... ok
test_ph_pure_methane_300k_100000pa (test_pr_ph_flash.Matrix) ... ok
test_ph_pure_methane_350k_100000pa (test_pr_ph_flash.Matrix) ... ok
test_ph_pure_methane_400k_100000pa (test_pr_ph_flash.Matrix) ... ok
test_ph_pure_n_hexane_280k_1000pa (test_pr_ph_flash.Matrix) ... ok
test_ph_pure_n_hexane_280k_30000000pa (test_pr_ph_flash.Matrix) ... ok
test_ph_pure_n_hexane_300k_1000pa (test_pr_ph_flash.Matrix) ... ok
test_ph_pure_n_hexane_300k_30000000pa (test_pr_ph_flash.Matrix) ... ok
test_ph_pure_n_hexane_350k_1000pa (test_pr_ph_flash.Matrix) ... ok
test_ph_pure_n_hexane_350k_30000000pa (test_pr_ph_flash.Matrix) ... ok
test_ph_pure_n_hexane_400k_1000pa (test_pr_ph_flash.Matrix) ... ok
test_ph_pure_n_hexane_400k_30000000pa (test_pr_ph_flash.Matrix) ... ok
test_ph_t280_l (test_pr_ph_flash.Matrix) ... ok
test_ph_t280_v (test_pr_ph_flash.Matrix) ... ok
test_ph_t280_vl (test_pr_ph_flash.Matrix) ... ok
test_ph_t350_l (test_pr_ph_flash.Matrix) ... ok
test_ph_t350_v (test_pr_ph_flash.Matrix) ... ok
test_ph_t350_vl (test_pr_ph_flash.Matrix) ... ok
test_ph_t400_l (test_pr_ph_flash.Matrix) ... ok
test_ph_t400_v (test_pr_ph_flash.Matrix) ... ok
test_ph_t400_vl (test_pr_ph_flash.Matrix) ... ok
test_ph_unsupported_water (test_pr_ph_flash.Matrix) ... ok
test_all_points_unavailable (test_pr_ph_intervals.Intervals) ... ok
test_bracket_cannot_cross_consecutive_holes (test_pr_ph_intervals.Intervals) ... ok
test_bracket_cannot_cross_single_hole (test_pr_ph_intervals.Intervals) ... ok
test_disconnected_roots_remain_ambiguous (test_pr_ph_intervals.Intervals) ... ok
test_discontinuity_still_fails_final_residual (test_pr_ph_intervals.Intervals) ... ok
test_exact_isolated_scan_root_preserves_fresh_final_rule (test_pr_ph_intervals.Intervals) ... ok
test_exact_roots_in_disconnected_intervals_remain_ambiguous (test_pr_ph_intervals.Intervals) ... ok
test_final_failure_cannot_reuse_scan_state (test_pr_ph_intervals.Intervals) ... ok
test_no_root_with_hole_preserves_failure_diagnostic (test_pr_ph_intervals.Intervals) ... ok
test_no_root_without_hole_remains_unbracketed (test_pr_ph_intervals.Intervals) ... ok
test_programming_error_is_not_a_property_hole (test_pr_ph_intervals.Intervals) ... ok
test_refinement_hole_fails_without_interpolation (test_pr_ph_intervals.Intervals) ... ok
test_repeat_and_call_order (test_pr_ph_intervals.Intervals) ... ok
test_single_near_target_point_is_not_exact_root (test_pr_ph_intervals.Intervals) ... ok
test_unique_root_after_leading_and_consecutive_holes (test_pr_ph_intervals.Intervals) ... ok
test_unique_root_before_unrelated_hole (test_pr_ph_intervals.Intervals) ... ok
test_bisection_does_not_use_enthalpy (test_pr_ps_flash.Controls) ... ok
test_caloric_failure_preserves_underlying_status (test_pr_ps_flash.Controls) ... ok
test_capabilities_only_ps_added (test_pr_ps_flash.Controls) ... ok
test_complete_scan_before_ambiguity (test_pr_ps_flash.Controls) ... ok
test_discontinuity_not_temperature_only_success (test_pr_ps_flash.Controls) ... ok
test_exact_bisection_root_has_zero_final_span (test_pr_ps_flash.Controls) ... ok
test_exact_scan_point_no_duplicate_and_fresh_final (test_pr_ps_flash.Controls) ... ok
test_fresh_final_property_failure (test_pr_ps_flash.Controls) ... ok
test_fresh_final_residual_failure (test_pr_ps_flash.Controls) ... ok
test_hole_completes_scan_without_bridging (test_pr_ps_flash.Controls) ... ok
test_internal_round_trip_separate_from_external_acceptance (test_pr_ps_flash.Controls) ... ok
test_invalid_controls (test_pr_ps_flash.Controls) ... ok
test_near_endpoint_requires_fresh_final (test_pr_ps_flash.Controls) ... ok
test_near_scan_point_not_duplicated (test_pr_ps_flash.Controls) ... ok
test_no_bracket (test_pr_ps_flash.Controls) ... ok
test_nonfinite_enthalpy_not_published (test_pr_ps_flash.Controls) ... ok
test_nonfinite_entropy_rejected (test_pr_ps_flash.Controls) ... ok
test_offline_no_independent_runtime_dependencies (test_pr_ps_flash.Controls) ... ok
test_profile_mismatch_rejected (test_pr_ps_flash.Controls) ... ok
test_raised_property_failure_is_controlled (test_pr_ps_flash.Controls) ... ok
test_repeat_after_other_regimes_and_gap (test_pr_ps_flash.Controls) ... ok
test_root_iteration_limit (test_pr_ps_flash.Controls) ... ok
test_specification_and_provenance_validation (test_pr_ps_flash.Controls) ... ok
test_a_liquid (test_pr_ps_flash.FrozenMatrix) ... ok
test_above_range (test_pr_ps_flash.FrozenMatrix) ... ok
test_b_vl (test_pr_ps_flash.FrozenMatrix) ... ok
test_bad_sum (test_pr_ps_flash.FrozenMatrix) ... ok
test_below_range (test_pr_ps_flash.FrozenMatrix) ... ok
test_binary_30_70 (test_pr_ps_flash.FrozenMatrix) ... ok
test_bubble_above (test_pr_ps_flash.FrozenMatrix) ... ok
test_bubble_below (test_pr_ps_flash.FrozenMatrix) ... ok
test_c_vapor (test_pr_ps_flash.FrozenMatrix) ... ok
test_dew_above (test_pr_ps_flash.FrozenMatrix) ... ok
test_dew_below (test_pr_ps_flash.FrozenMatrix) ... ok
test_invalid_bounds_high (test_pr_ps_flash.FrozenMatrix) ... ok
test_invalid_bounds_low (test_pr_ps_flash.FrozenMatrix) ... ok
test_max_iterations (test_pr_ps_flash.FrozenMatrix) ... ok
test_near_reference (test_pr_ps_flash.FrozenMatrix) ... ok
test_negative_p (test_pr_ps_flash.FrozenMatrix) ... ok
test_negative_z (test_pr_ps_flash.FrozenMatrix) ... ok
test_nonfinite_p (test_pr_ps_flash.FrozenMatrix) ... ok
test_nonfinite_s (test_pr_ps_flash.FrozenMatrix) ... ok
test_nonzero_bip (test_pr_ps_flash.FrozenMatrix) ... ok
test_pure_coexistence_gap (test_pr_ps_flash.FrozenMatrix) ... ok
test_pure_hexane_liquid (test_pr_ps_flash.FrozenMatrix) ... ok
test_pure_hexane_vapor (test_pr_ps_flash.FrozenMatrix) ... ok
test_pure_methane (test_pr_ps_flash.FrozenMatrix) ... ok
test_synthetic_hole (test_pr_ps_flash.FrozenMatrix) ... ok
test_synthetic_multiple (test_pr_ps_flash.FrozenMatrix) ... ok
test_t350_liquid (test_pr_ps_flash.FrozenMatrix) ... ok
test_t350_vapor (test_pr_ps_flash.FrozenMatrix) ... ok
test_t350_vl (test_pr_ps_flash.FrozenMatrix) ... ok
test_unknown (test_pr_ps_flash.FrozenMatrix) ... ok
test_water (test_pr_ps_flash.FrozenMatrix) ... ok
test_zero_p (test_pr_ps_flash.FrozenMatrix) ... ok
test_bubble_231_15 (test_pr_pt_boundary.BubbleMatrix) ... ok
test_bubble_231_199 (test_pr_pt_boundary.BubbleMatrix) ... ok
test_bubble_231_25 (test_pr_pt_boundary.BubbleMatrix) ... ok
test_bubble_231_349 (test_pr_pt_boundary.BubbleMatrix) ... ok
test_bubble_231_399 (test_pr_pt_boundary.BubbleMatrix) ... ok
test_bubble_231_45 (test_pr_pt_boundary.BubbleMatrix) ... ok
test_bubble_center (test_pr_pt_boundary.BubbleMatrix) ... ok
test_bubble_minus_0_1mk (test_pr_pt_boundary.BubbleMatrix) ... ok
test_bubble_minus_1mk (test_pr_pt_boundary.BubbleMatrix) ... ok
test_bubble_plus_0_1mk (test_pr_pt_boundary.BubbleMatrix) ... ok
test_bubble_plus_1mk (test_pr_pt_boundary.BubbleMatrix) ... ok
test_bubble_stable_231_10 (test_pr_pt_boundary.BubbleMatrix) ... ok
test_conflicting_or_unqualified_controls_rejected (test_pr_pt_boundary.Precision) ... ok
test_immutable_standard_and_explicit_high (test_pr_pt_boundary.Precision) ... ok
test_m10_high_accuracy_frozen_comparison (test_pr_pt_boundary.Precision) ... ok
test_reference_structure_and_integrity (test_pr_pt_boundary.Precision) ... ok
test_required_downstream_margin (test_pr_pt_boundary.Precision) ... ok
test_standard_high_standard_and_repeat (test_pr_pt_boundary.Precision) ... ok
test_changed_runtime_feed_changes_seed (test_pr_pt_boundary.RestartSafety) ... ok
test_final_stability_remains_mandatory (test_pr_pt_boundary.RestartSafety) ... ok
test_initial_rr_nonconvergence_is_not_endpoint_restart (test_pr_pt_boundary.RestartSafety) ... ok
test_invalid_trial_rejected_before_rr_seed (test_pr_pt_boundary.RestartSafety) ... ok
test_json_diagnostics_are_finite (test_pr_pt_boundary.RestartSafety) ... ok
test_later_rr_endpoint_does_not_trigger_second_restart (test_pr_pt_boundary.RestartSafety) ... ok
test_multiple_candidates_select_strongest_deterministically (test_pr_pt_boundary.RestartSafety) ... ok
test_no_negative_stationary_trial_fails_explicitly (test_pr_pt_boundary.RestartSafety) ... ok
test_no_restart_without_converged_stability (test_pr_pt_boundary.RestartSafety) ... ok
test_opposite_orientation_not_guessed (test_pr_pt_boundary.RestartSafety) ... ok
test_restart_rr_failure_no_retry_loop (test_pr_pt_boundary.RestartSafety) ... ok
test_runtime_stability_mapping_and_orientation (test_pr_pt_boundary.RestartSafety) ... ok
test_seed_not_returned_as_equilibrium (test_pr_pt_boundary.RestartSafety) ... ok
test_zero_inventory_preserves_single_phase (test_pr_pt_boundary.RestartSafety) ... ok
test_neighborhood_00 (test_pr_pt_vapor_parent.FrozenMatrix) ... ok
test_neighborhood_01 (test_pr_pt_vapor_parent.FrozenMatrix) ... ok
test_neighborhood_02 (test_pr_pt_vapor_parent.FrozenMatrix) ... ok
test_neighborhood_03 (test_pr_pt_vapor_parent.FrozenMatrix) ... ok
test_neighborhood_04 (test_pr_pt_vapor_parent.FrozenMatrix) ... ok
test_neighborhood_05 (test_pr_pt_vapor_parent.FrozenMatrix) ... ok
test_neighborhood_06 (test_pr_pt_vapor_parent.FrozenMatrix) ... ok
test_neighborhood_07 (test_pr_pt_vapor_parent.FrozenMatrix) ... ok
test_neighborhood_08 (test_pr_pt_vapor_parent.FrozenMatrix) ... ok
test_neighborhood_09 (test_pr_pt_vapor_parent.FrozenMatrix) ... ok
test_neighborhood_10 (test_pr_pt_vapor_parent.FrozenMatrix) ... ok
test_neighborhood_11 (test_pr_pt_vapor_parent.FrozenMatrix) ... ok
test_neighborhood_12 (test_pr_pt_vapor_parent.FrozenMatrix) ... ok
test_profile_isolation_call_order_and_both_orientations (test_pr_pt_vapor_parent.FrozenMatrix) ... ok
test_ambiguous_or_same_phase_rejected (test_pr_pt_vapor_parent.RestartSafety) ... ok
test_candidate_order_independent (test_pr_pt_vapor_parent.RestartSafety) ... ok
test_failed_restart_rr_is_bounded (test_pr_pt_vapor_parent.RestartSafety) ... ok
test_invalid_sum_rejected (test_pr_pt_vapor_parent.RestartSafety) ... ok
test_invalid_trial_rejected (test_pr_pt_vapor_parent.RestartSafety) ... ok
test_pure_feed_retains_no_restart (test_pr_pt_vapor_parent.RestartSafety) ... ok
test_seed_construction_error_propagates_without_equilibrium (test_pr_pt_vapor_parent.RestartSafety) ... ok
test_seed_failure_does_not_publish_phases (test_pr_pt_vapor_parent.RestartSafety) ... ok
test_stable_or_unconverged_cannot_seed (test_pr_pt_vapor_parent.RestartSafety) ... ok
test_frozen_comparisons_and_current_source_integrity (test_pt200_profile.ImplementationEvidence) ... ok
test_PS_holes_never_skipped (test_pt200_profile.Policy) ... ok
test_additive_guard_and_legacy_rejection (test_pt200_profile.Policy) ... ok
test_ambiguity_preserved_all_profiles (test_pt200_profile.Policy) ... ok
test_iteration_limit_real_PT_and_no_payload (test_pt200_profile.Policy) ... ok
test_nonfinite_inputs_and_properties (test_pt200_profile.Policy) ... ok
test_phase_guard_remains_active (test_pt200_profile.Policy) ... ok
test_residual_discontinuity_and_fresh_failure (test_pt200_profile.Policy) ... ok
test_settings_immutable_and_no_automatic_fallback (test_pt200_profile.Policy) ... ok
test_wrong_nested_profile_rejects (test_pt200_profile.Policy) ... ok
test_canonical_selection_conflicts_and_custom_settings (test_pt200_profile.Selection) ... ok
test_provider_PT_and_caloric_profile_provenance (test_pt200_profile.Selection) ... ok
test_real_provider_inverse_calls_and_final_settings (test_pt200_profile.Selection) ... ok
test_canonical_adapter_and_molecular_table (test_pump_energy.PumpTests) ... ok
test_exact_pressure_equality_not_epsilon (test_pump_energy.PumpTests) ... ok
test_identity_never_calls_inverse_and_has_one_witness (test_pump_energy.PumpTests) ... ok
test_independent_caloric_input_and_invalid_payload (test_pump_energy.PumpTests) ... ok
test_model_bip_and_parameter_contract (test_pump_energy.PumpTests) ... ok
test_out_of_scope_scalar_inputs (test_pump_energy.PumpTests) ... ok
test_representation_roundoff_without_recipe_or_rate_overwrite (test_pump_energy.PumpTests) ... ok
test_synthetic_inverse_failures_are_atomic (test_pump_energy.PumpTests) ... ok
test_synthetic_later_witness_failures_are_atomic (test_pump_energy.PumpTests) ... ok
test_synthetic_missing_ambiguous_inconsistent_inverse_diagnostics (test_pump_energy.PumpTests) ... ok
test_synthetic_phase_payload_guard_injections (test_pump_energy.PumpTests) ... ok
test_synthetic_ps_holes_and_ph_valid_intervals (test_pump_energy.PumpTests) ... ok
test_synthetic_witness_failure_is_atomic (test_pump_energy.PumpTests) ... ok
test_synthetic_work_and_entropy_guards (test_pump_energy.PumpTests) ... ok
test_topology_rejects_disconnected_cycle_duplicate_ports (test_pump_energy.PumpTests) ... ok
test_ui_fixture_matches_cli (test_pump_energy.PumpTests) ... ok
test_absent_phase_and_reported_energy_identity (test_separator_energy.SeparatorEnergyTests) ... ok
test_actual_inlet_and_flow_scaling_without_mutation (test_separator_energy.SeparatorEnergyTests) ... ok
test_all_independent_cases (test_separator_energy.SeparatorEnergyTests) ... ok
test_general_table_molecular_properties_in_all_demonstrations (test_separator_energy.SeparatorEnergyTests) ... ok
test_invalid_material_and_conditions_fail_before_provider (test_separator_energy.SeparatorEnergyTests) ... ok
test_mode_contracts_reject_extra_missing_or_conflicting_fields (test_separator_energy.SeparatorEnergyTests) ... ok
test_old_model_and_numbering_unchanged (test_separator_energy.SeparatorEnergyTests) ... ok
test_ph_target_and_corrupt_energy_payload_rejected (test_separator_energy.SeparatorEnergyTests) ... ok
test_ports_topology_and_independent_enthalpy_rejected (test_separator_energy.SeparatorEnergyTests) ... ok
test_pressure_equal_reduction_and_increase (test_separator_energy.SeparatorEnergyTests) ... ok
test_provider_failure_never_publishes (test_separator_energy.SeparatorEnergyTests) ... ok
test_real_unsupported_pure_coexistence_gap (test_separator_energy.SeparatorEnergyTests) ... ok
test_27_source_contradictions (test_separator_pump_integration.SeparatorPumpIntegration) ... ok
test_absent_vapor_bulk_vl (test_separator_pump_integration.SeparatorPumpIntegration) ... ok
test_all30_fresh_evidence (test_separator_pump_integration.SeparatorPumpIntegration) ... FAIL
test_execution_resolution (test_separator_pump_integration.SeparatorPumpIntegration) ... ok
test_identity_skips_inverse (test_separator_pump_integration.SeparatorPumpIntegration) ... ok
test_names_do_not_authorize (test_separator_pump_integration.SeparatorPumpIntegration) ... ok
test_preservation (test_separator_pump_integration.SeparatorPumpIntegration) ... test_roundtrip_and_received_coordinates (test_separator_pump_integration.SeparatorPumpIntegration) ... ok
test_small_exception_work_screen (test_separator_pump_integration.SeparatorPumpIntegration) ... ok
test_stale_and_atomic_failure (test_separator_pump_integration.SeparatorPumpIntegration) ... ok
test_unsupported_and_injected_evidence (test_separator_pump_integration.SeparatorPumpIntegration) ... ok
test_actual_calculated_state_is_consumed_downstream (test_sequential.SequentialTests) ... ok
test_bad_energy_adapter_cannot_publish (test_sequential.SequentialTests) ... ok
test_cooling_is_not_a_heater_operating_mode (test_sequential.SequentialTests) ... ok
test_dependency_order_identity_and_regeneration (test_sequential.SequentialTests) ... ok
test_heater_invalid_inputs (test_sequential.SequentialTests) ... ok
test_old_contracts_do_not_accept_heater (test_sequential.SequentialTests) ... ok
test_ports_cycles_and_independent_states_remain_blocked (test_sequential.SequentialTests) ... ok
test_reference_conservation_energy_and_properties (test_sequential.SequentialTests) ... ok
test_zero_temperature_change_has_calculated_zero_duty (test_sequential.SequentialTests) ... ok
test_calculation_preserves_original_numbered_streams_and_regeneration (test_streams.StreamIdentityTests) ... ok
test_duplicate_missing_invalid_numbers_rejected (test_streams.StreamIdentityTests) ... ok
test_legacy_flowsheets_remain_valid_and_do_not_acquire_frontend_numbers (test_streams.StreamIdentityTests) ... ok
test_numbering_helper_is_generic_and_preserves_assigned_numbers (test_streams.StreamIdentityTests) ... ok
test_reference_numbers_and_layout_independence (test_streams.StreamIdentityTests) ... ok
test_result_association_uses_ids_and_properties_are_explicitly_unavailable (test_streams.StreamIdentityTests) ... ok
test_all_previous_process_fingerprints_and_old_contract_readers (test_thermodynamics.ThermodynamicsTests) ... ok
test_database_constants_units_version_and_immutability (test_thermodynamics.ThermodynamicsTests) ... ok
test_database_rejects_invalid_values (test_thermodynamics.ThermodynamicsTests) ... ok
test_feed_and_all_products_independent_decimal_benchmark (test_thermodynamics.ThermodynamicsTests) ... ok
test_invalid_composition_and_state_fail_explicitly (test_thermodynamics.ThermodynamicsTests) ... ok
test_repeat_layout_reorder_regeneration_identity (test_thermodynamics.ThermodynamicsTests) ... ok
test_runtime_input_changes_and_renamed_streams (test_thermodynamics.ThermodynamicsTests) ... ok
test_state_provider_provenance_and_capability_boundary (test_thermodynamics.ThermodynamicsTests) ... ok
test_temperature_and_pressure_do_not_change_composition (test_thermodynamics.ThermodynamicsTests) ... ok
test_zero_flow_ratios_and_unavailable_properties (test_thermodynamics.ThermodynamicsTests) ... ok
test_exactly_one_material_port_pair (test_throttling_valve_energy.Integration) ... ok
test_no_ps_dependency_and_no_heat_or_work_result (test_throttling_valve_energy.Integration) ... ok
test_parameters_do_not_own_feed_or_temperature (test_throttling_valve_energy.Integration) ... ok
test_public_failure_publishes_no_result (test_throttling_valve_energy.Integration) ... ok
test_stream_changes_recompute_inlet_and_conserve_material (test_throttling_valve_energy.Integration) ... ok
test_vl_inlet_is_not_valve_service (test_throttling_valve_energy.Integration) ... ok
test_negative_AMBIGUOUS (test_throttling_valve_energy.Matrix) ... ok
test_negative_EQUAL_PRESSURE (test_throttling_valve_energy.Matrix) ... ok
test_negative_FRESH_FINAL (test_throttling_valve_energy.Matrix) ... ok
test_negative_F_-1.0 (test_throttling_valve_energy.Matrix) ... ok
test_negative_F_-Infinity (test_throttling_valve_energy.Matrix) ... ok
test_negative_F_0.0 (test_throttling_valve_energy.Matrix) ... ok
test_negative_F_Infinity (test_throttling_valve_energy.Matrix) ... ok
test_negative_F_NaN (test_throttling_valve_energy.Matrix) ... ok
test_negative_HOLE (test_throttling_valve_energy.Matrix) ... ok
test_negative_NONZERO_KIJ (test_throttling_valve_energy.Matrix) ... ok
test_negative_PH (test_throttling_valve_energy.Matrix) ... ok
test_negative_PRESSURE_GAIN (test_throttling_valve_energy.Matrix) ... ok
test_negative_PT (test_throttling_valve_energy.Matrix) ... ok
test_negative_PURE_COEXISTENCE_GAP (test_throttling_valve_energy.Matrix) ... ok
test_negative_Pin_-1.0 (test_throttling_valve_energy.Matrix) ... ok
test_negative_Pin_-Infinity (test_throttling_valve_energy.Matrix) ... ok
test_negative_Pin_0.0 (test_throttling_valve_energy.Matrix) ... ok
test_negative_Pin_Infinity (test_throttling_valve_energy.Matrix) ... ok
test_negative_Pin_NaN (test_throttling_valve_energy.Matrix) ... ok
test_negative_Pout_-1.0 (test_throttling_valve_energy.Matrix) ... ok
test_negative_Pout_-Infinity (test_throttling_valve_energy.Matrix) ... ok
test_negative_Pout_0.0 (test_throttling_valve_energy.Matrix) ... ok
test_negative_Pout_Infinity (test_throttling_valve_energy.Matrix) ... ok
test_negative_Pout_NaN (test_throttling_valve_energy.Matrix) ... ok
test_negative_TIN_-Infinity (test_throttling_valve_energy.Matrix) ... ok
test_negative_TIN_199.0 (test_throttling_valve_energy.Matrix) ... ok
test_negative_TIN_501.0 (test_throttling_valve_energy.Matrix) ... ok
test_negative_TIN_Infinity (test_throttling_valve_energy.Matrix) ... ok
test_negative_TIN_NaN (test_throttling_valve_energy.Matrix) ... ok
test_negative_UNBRACKETED (test_throttling_valve_energy.Matrix) ... ok
test_negative_UNKNOWN (test_throttling_valve_energy.Matrix) ... ok
test_negative_VL_INLET_SERVICE (test_throttling_valve_energy.Matrix) ... ok
test_negative_WATER (test_throttling_valve_energy.Matrix) ... ok
test_negative_Z_INF (test_throttling_valve_energy.Matrix) ... ok
test_negative_Z_LENGTH (test_throttling_valve_energy.Matrix) ... ok
test_negative_Z_NAN (test_throttling_valve_energy.Matrix) ... ok
test_negative_Z_NEGATIVE (test_throttling_valve_energy.Matrix) ... ok
test_negative_Z_SUM (test_throttling_valve_energy.Matrix) ... ok
test_positive_BALANCED_COLD (test_throttling_valve_energy.Matrix) ... ok
test_positive_CANONICAL (test_throttling_valve_energy.Matrix) ... ok
test_positive_DOUBLE_FLOW (test_throttling_valve_energy.Matrix) ... ok
test_positive_HEXANE_RICH (test_throttling_valve_energy.Matrix) ... ok
test_positive_INLET_PRESSURE (test_throttling_valve_energy.Matrix) ... ok
test_positive_LIQUID_HEATING (test_throttling_valve_energy.Matrix) ... ok
test_positive_LOW_FLOW (test_throttling_valve_energy.Matrix) ... ok
test_positive_NEGLIGIBLE_DROP (test_throttling_valve_energy.Matrix) ... ok
test_positive_PRESSURE_FLASH_ONSET (test_throttling_valve_energy.Matrix) ... ok
test_positive_PRESSURE_INTERMEDIATE (test_throttling_valve_energy.Matrix) ... ok
test_positive_PRESSURE_MILD (test_throttling_valve_energy.Matrix) ... ok
test_positive_PRESSURE_MODERATE (test_throttling_valve_energy.Matrix) ... ok
test_positive_PRESSURE_SUBSTANTIAL (test_throttling_valve_energy.Matrix) ... ok
test_positive_PURE_HEXANE_LIQUID (test_throttling_valve_energy.Matrix) ... ok
test_positive_PURE_HEXANE_VAPOR (test_throttling_valve_energy.Matrix) ... ok
test_positive_PURE_METHANE (test_throttling_valve_energy.Matrix) ... ok
test_positive_VAPOR_SIMPLE (test_throttling_valve_energy.Matrix) ... ok
test_failed_ph_diagnostics_cannot_be_accepted (test_two_stream_heat_exchanger_energy.ExchangerIntegration) ... ok
test_fresh_final_pressure_cannot_drift (test_two_stream_heat_exchanger_energy.ExchangerIntegration) ... ok
test_inconsistent_mass_fraction_is_not_normalized (test_two_stream_heat_exchanger_energy.ExchangerIntegration) ... ok
test_public_injected_failures_publish_no_result (test_two_stream_heat_exchanger_energy.ExchangerIntegration) ... ok
test_public_registry_call_and_input_immutability (test_two_stream_heat_exchanger_energy.ExchangerIntegration) ... ok
test_upstream_outputs_propagate_to_second_exchanger (test_two_stream_heat_exchanger_energy.ExchangerIntegration) ... ok
test_zero_duty_still_calls_ph (test_two_stream_heat_exchanger_energy.ExchangerIntegration) ... ok
test_cases_BOTH_PRESSURE_DROP (test_two_stream_heat_exchanger_energy.FrozenExchangerMatrix) ... ok
test_cases_CANONICAL (test_two_stream_heat_exchanger_energy.FrozenExchangerMatrix) ... ok
test_cases_COLD_BALANCED (test_two_stream_heat_exchanger_energy.FrozenExchangerMatrix) ... ok
test_cases_COLD_HEXANE_RICH (test_two_stream_heat_exchanger_energy.FrozenExchangerMatrix) ... ok
test_cases_COLD_PRESSURE_DROP (test_two_stream_heat_exchanger_energy.FrozenExchangerMatrix) ... ok
test_cases_COLD_SPECIFIED (test_two_stream_heat_exchanger_energy.FrozenExchangerMatrix) ... ok
test_cases_DOUBLE_BOTH_FLOWS (test_two_stream_heat_exchanger_energy.FrozenExchangerMatrix) ... ok
test_cases_DOUBLE_HOT_FLOW (test_two_stream_heat_exchanger_energy.FrozenExchangerMatrix) ... ok
test_cases_FLOW_RATIO_1 (test_two_stream_heat_exchanger_energy.FrozenExchangerMatrix) ... ok
test_cases_FLOW_RATIO_2 (test_two_stream_heat_exchanger_energy.FrozenExchangerMatrix) ... ok
test_cases_HOT_BALANCED (test_two_stream_heat_exchanger_energy.FrozenExchangerMatrix) ... ok
test_cases_HOT_HEXANE_RICH (test_two_stream_heat_exchanger_energy.FrozenExchangerMatrix) ... ok
test_cases_HOT_PRESSURE_DROP (test_two_stream_heat_exchanger_energy.FrozenExchangerMatrix) ... ok
test_cases_LIQUID_BOTH (test_two_stream_heat_exchanger_energy.FrozenExchangerMatrix) ... ok
test_cases_NEAR_TERMINAL_EQUALITY (test_two_stream_heat_exchanger_energy.FrozenExchangerMatrix) ... ok
test_cases_PURE_HEXANE (test_two_stream_heat_exchanger_energy.FrozenExchangerMatrix) ... ok
test_cases_PURE_METHANE (test_two_stream_heat_exchanger_energy.FrozenExchangerMatrix) ... ok
test_cases_ZERO_DUTY (test_two_stream_heat_exchanger_energy.FrozenExchangerMatrix) ... ok
test_cases_ZERO_DUTY_COLD_DROP (test_two_stream_heat_exchanger_energy.FrozenExchangerMatrix) ... ok
test_flow_scaling_and_determinism (test_two_stream_heat_exchanger_energy.FrozenExchangerMatrix) ... ok
test_negative_cases_AMBIGUOUS (test_two_stream_heat_exchanger_energy.FrozenExchangerMatrix) ... ok
test_negative_cases_A_PH_INJECTED (test_two_stream_heat_exchanger_energy.FrozenExchangerMatrix) ... ok
test_negative_cases_A_cold_inlet_PT (test_two_stream_heat_exchanger_energy.FrozenExchangerMatrix) ... ok
test_negative_cases_A_hot_inlet_PT (test_two_stream_heat_exchanger_energy.FrozenExchangerMatrix) ... ok
test_negative_cases_A_specified_hot_outlet_PT (test_two_stream_heat_exchanger_energy.FrozenExchangerMatrix) ... ok
test_negative_cases_B_PH_INJECTED (test_two_stream_heat_exchanger_energy.FrozenExchangerMatrix) ... ok
test_negative_cases_B_cold_inlet_PT (test_two_stream_heat_exchanger_energy.FrozenExchangerMatrix) ... ok
test_negative_cases_B_hot_inlet_PT (test_two_stream_heat_exchanger_energy.FrozenExchangerMatrix) ... ok
test_negative_cases_B_specified_cold_outlet_PT (test_two_stream_heat_exchanger_energy.FrozenExchangerMatrix) ... ok
test_negative_cases_EQUAL_INLET_T (test_two_stream_heat_exchanger_energy.FrozenExchangerMatrix) ... ok
test_negative_cases_FRESH_FINAL (test_two_stream_heat_exchanger_energy.FrozenExchangerMatrix) ... ok
test_negative_cases_HOLE (test_two_stream_heat_exchanger_energy.FrozenExchangerMatrix) ... ok
test_negative_cases_NONZERO_KIJ (test_two_stream_heat_exchanger_energy.FrozenExchangerMatrix) ... ok
test_negative_cases_OVER_SPECIFIED (test_two_stream_heat_exchanger_energy.FrozenExchangerMatrix) ... ok
test_negative_cases_PURE_COEXISTENCE_GAP (test_two_stream_heat_exchanger_energy.FrozenExchangerMatrix) ... ok
test_negative_cases_REVERSED_DUTY (test_two_stream_heat_exchanger_energy.FrozenExchangerMatrix) ... ok
test_negative_cases_REVERSED_INLET_T (test_two_stream_heat_exchanger_energy.FrozenExchangerMatrix) ... ok
test_negative_cases_TERMINAL_CROSSING (test_two_stream_heat_exchanger_energy.FrozenExchangerMatrix) ... ok
test_negative_cases_UNBRACKETED_COLD (test_two_stream_heat_exchanger_energy.FrozenExchangerMatrix) ... ok
test_negative_cases_UNBRACKETED_HOT (test_two_stream_heat_exchanger_energy.FrozenExchangerMatrix) ... ok
test_negative_cases_UNDER_SPECIFIED (test_two_stream_heat_exchanger_energy.FrozenExchangerMatrix) ... ok
test_negative_cases_cold_FLOW_-1.0 (test_two_stream_heat_exchanger_energy.FrozenExchangerMatrix) ... ok
test_negative_cases_cold_FLOW_-Infinity (test_two_stream_heat_exchanger_energy.FrozenExchangerMatrix) ... ok
test_negative_cases_cold_FLOW_0.0 (test_two_stream_heat_exchanger_energy.FrozenExchangerMatrix) ... ok
test_negative_cases_cold_FLOW_Infinity (test_two_stream_heat_exchanger_energy.FrozenExchangerMatrix) ... ok
test_negative_cases_cold_FLOW_NaN (test_two_stream_heat_exchanger_energy.FrozenExchangerMatrix) ... ok
test_negative_cases_cold_PRESSURE_GAIN (test_two_stream_heat_exchanger_energy.FrozenExchangerMatrix) ... ok
test_negative_cases_cold_Pin_-1.0 (test_two_stream_heat_exchanger_energy.FrozenExchangerMatrix) ... ok
test_negative_cases_cold_Pin_-Infinity (test_two_stream_heat_exchanger_energy.FrozenExchangerMatrix) ... ok
test_negative_cases_cold_Pin_0.0 (test_two_stream_heat_exchanger_energy.FrozenExchangerMatrix) ... ok
test_negative_cases_cold_Pin_Infinity (test_two_stream_heat_exchanger_energy.FrozenExchangerMatrix) ... ok
test_negative_cases_cold_Pin_NaN (test_two_stream_heat_exchanger_energy.FrozenExchangerMatrix) ... ok
test_negative_cases_cold_Pout_-1.0 (test_two_stream_heat_exchanger_energy.FrozenExchangerMatrix) ... ok
test_negative_cases_cold_Pout_-Infinity (test_two_stream_heat_exchanger_energy.FrozenExchangerMatrix) ... ok
test_negative_cases_cold_Pout_0.0 (test_two_stream_heat_exchanger_energy.FrozenExchangerMatrix) ... ok
test_negative_cases_cold_Pout_Infinity (test_two_stream_heat_exchanger_energy.FrozenExchangerMatrix) ... ok
test_negative_cases_cold_Pout_NaN (test_two_stream_heat_exchanger_energy.FrozenExchangerMatrix) ... ok
test_negative_cases_cold_TIN_199.0 (test_two_stream_heat_exchanger_energy.FrozenExchangerMatrix) ... ok
test_negative_cases_cold_TIN_501.0 (test_two_stream_heat_exchanger_energy.FrozenExchangerMatrix) ... ok
test_negative_cases_cold_TIN_Infinity (test_two_stream_heat_exchanger_energy.FrozenExchangerMatrix) ... ok
test_negative_cases_cold_TIN_NaN (test_two_stream_heat_exchanger_energy.FrozenExchangerMatrix) ... ok
test_negative_cases_cold_TOUT_199.0 (test_two_stream_heat_exchanger_energy.FrozenExchangerMatrix) ... ok
test_negative_cases_cold_TOUT_501.0 (test_two_stream_heat_exchanger_energy.FrozenExchangerMatrix) ... ok
test_negative_cases_cold_TOUT_Infinity (test_two_stream_heat_exchanger_energy.FrozenExchangerMatrix) ... ok
test_negative_cases_cold_TOUT_NaN (test_two_stream_heat_exchanger_energy.FrozenExchangerMatrix) ... ok
test_negative_cases_cold_UNKNOWN (test_two_stream_heat_exchanger_energy.FrozenExchangerMatrix) ... ok
test_negative_cases_cold_WATER (test_two_stream_heat_exchanger_energy.FrozenExchangerMatrix) ... ok
test_negative_cases_cold_Z_NEGATIVE (test_two_stream_heat_exchanger_energy.FrozenExchangerMatrix) ... ok
test_negative_cases_cold_Z_NONFINITE (test_two_stream_heat_exchanger_energy.FrozenExchangerMatrix) ... ok
test_negative_cases_cold_Z_SUM (test_two_stream_heat_exchanger_energy.FrozenExchangerMatrix) ... ok
test_negative_cases_hot_FLOW_-1.0 (test_two_stream_heat_exchanger_energy.FrozenExchangerMatrix) ... ok
test_negative_cases_hot_FLOW_-Infinity (test_two_stream_heat_exchanger_energy.FrozenExchangerMatrix) ... ok
test_negative_cases_hot_FLOW_0.0 (test_two_stream_heat_exchanger_energy.FrozenExchangerMatrix) ... ok
test_negative_cases_hot_FLOW_Infinity (test_two_stream_heat_exchanger_energy.FrozenExchangerMatrix) ... ok
test_negative_cases_hot_FLOW_NaN (test_two_stream_heat_exchanger_energy.FrozenExchangerMatrix) ... ok
test_negative_cases_hot_PRESSURE_GAIN (test_two_stream_heat_exchanger_energy.FrozenExchangerMatrix) ... ok
test_negative_cases_hot_Pin_-1.0 (test_two_stream_heat_exchanger_energy.FrozenExchangerMatrix) ... ok
test_negative_cases_hot_Pin_-Infinity (test_two_stream_heat_exchanger_energy.FrozenExchangerMatrix) ... ok
test_negative_cases_hot_Pin_0.0 (test_two_stream_heat_exchanger_energy.FrozenExchangerMatrix) ... ok
test_negative_cases_hot_Pin_Infinity (test_two_stream_heat_exchanger_energy.FrozenExchangerMatrix) ... ok
test_negative_cases_hot_Pin_NaN (test_two_stream_heat_exchanger_energy.FrozenExchangerMatrix) ... ok
test_negative_cases_hot_Pout_-1.0 (test_two_stream_heat_exchanger_energy.FrozenExchangerMatrix) ... ok
test_negative_cases_hot_Pout_-Infinity (test_two_stream_heat_exchanger_energy.FrozenExchangerMatrix) ... ok
test_negative_cases_hot_Pout_0.0 (test_two_stream_heat_exchanger_energy.FrozenExchangerMatrix) ... ok
test_negative_cases_hot_Pout_Infinity (test_two_stream_heat_exchanger_energy.FrozenExchangerMatrix) ... ok
test_negative_cases_hot_Pout_NaN (test_two_stream_heat_exchanger_energy.FrozenExchangerMatrix) ... ok
test_negative_cases_hot_TIN_199.0 (test_two_stream_heat_exchanger_energy.FrozenExchangerMatrix) ... ok
test_negative_cases_hot_TIN_501.0 (test_two_stream_heat_exchanger_energy.FrozenExchangerMatrix) ... ok
test_negative_cases_hot_TIN_Infinity (test_two_stream_heat_exchanger_energy.FrozenExchangerMatrix) ... ok
test_negative_cases_hot_TIN_NaN (test_two_stream_heat_exchanger_energy.FrozenExchangerMatrix) ... ok
test_negative_cases_hot_TOUT_199.0 (test_two_stream_heat_exchanger_energy.FrozenExchangerMatrix) ... ok
test_negative_cases_hot_TOUT_501.0 (test_two_stream_heat_exchanger_energy.FrozenExchangerMatrix) ... ok
test_negative_cases_hot_TOUT_Infinity (test_two_stream_heat_exchanger_energy.FrozenExchangerMatrix) ... ok
test_negative_cases_hot_TOUT_NaN (test_two_stream_heat_exchanger_energy.FrozenExchangerMatrix) ... ok
test_negative_cases_hot_UNKNOWN (test_two_stream_heat_exchanger_energy.FrozenExchangerMatrix) ... ok
test_negative_cases_hot_WATER (test_two_stream_heat_exchanger_energy.FrozenExchangerMatrix) ... ok
test_negative_cases_hot_Z_NEGATIVE (test_two_stream_heat_exchanger_energy.FrozenExchangerMatrix) ... ok
test_negative_cases_hot_Z_NONFINITE (test_two_stream_heat_exchanger_energy.FrozenExchangerMatrix) ... ok
test_negative_cases_hot_Z_SUM (test_two_stream_heat_exchanger_energy.FrozenExchangerMatrix) ... ok
test_reciprocal_both_modes_through_public_path (test_two_stream_heat_exchanger_energy.FrozenExchangerMatrix) ... ok
test_service_scope_BUBBLE_ADJACENT (test_two_stream_heat_exchanger_energy.FrozenExchangerMatrix) ... ok
test_service_scope_COLD_L_TO_VL (test_two_stream_heat_exchanger_energy.FrozenExchangerMatrix) ... ok
test_service_scope_COLD_VL_TO_V (test_two_stream_heat_exchanger_energy.FrozenExchangerMatrix) ... ok
test_service_scope_DEW_ADJACENT (test_two_stream_heat_exchanger_energy.FrozenExchangerMatrix) ... ok
test_service_scope_HOT_VL_TO_L (test_two_stream_heat_exchanger_energy.FrozenExchangerMatrix) ... ok
test_service_scope_HOT_V_TO_VL (test_two_stream_heat_exchanger_energy.FrozenExchangerMatrix) ... ok
test_independent_paths_and_no_stale_state (test_two_stream_heat_exchanger_topology.FourPortGate) ... ok
test_missing_duplicate_ports_and_connections (test_two_stream_heat_exchanger_topology.FourPortGate) ... ok
test_requirements_and_modes (test_two_stream_heat_exchanger_topology.FourPortGate) ... ok
test_swapped_or_partial_outputs_fail_atomically (test_two_stream_heat_exchanger_topology.FourPortGate) ... ok
test_two_unit_dependency_uses_both_current_outputs (test_two_stream_heat_exchanger_topology.FourPortGate) ... ok
test_canonical_adapter_and_molecular_table (test_variable_pump_energy.PumpTests) ... ok
test_exact_pressure_equality_not_epsilon (test_variable_pump_energy.PumpTests) ... ok
test_identity_never_calls_inverse_and_has_one_witness (test_variable_pump_energy.PumpTests) ... ok
test_independent_caloric_input_and_invalid_payload (test_variable_pump_energy.PumpTests) ... ok
test_model_bip_and_parameter_contract (test_variable_pump_energy.PumpTests) ... ok
test_out_of_scope_scalar_inputs (test_variable_pump_energy.PumpTests) ... ok
test_representation_roundoff_without_recipe_or_rate_overwrite (test_variable_pump_energy.PumpTests) ... ok
test_supported_bounds_and_no_clipping (test_variable_pump_energy.PumpTests) ... ok
test_synthetic_inverse_failures_are_atomic (test_variable_pump_energy.PumpTests) ... ok
test_synthetic_later_witness_failures_are_atomic (test_variable_pump_energy.PumpTests) ... ok
test_synthetic_missing_ambiguous_inconsistent_inverse_diagnostics (test_variable_pump_energy.PumpTests) ... ok
test_synthetic_phase_payload_guard_injections (test_variable_pump_energy.PumpTests) ... ok
test_synthetic_ps_holes_and_ph_valid_intervals (test_variable_pump_energy.PumpTests) ... ok
test_synthetic_witness_failure_is_atomic (test_variable_pump_energy.PumpTests) ... ok
test_synthetic_work_and_entropy_guards (test_variable_pump_energy.PumpTests) ... ok
test_topology_rejects_disconnected_cycle_duplicate_ports (test_variable_pump_energy.PumpTests) ... ok
test_ui_fixture_matches_cli (test_variable_pump_energy.PumpTests) ... ok
test_version_isolation_and_equimolar_compatibility (test_variable_pump_energy.PumpTests) ... ok
test_equipment_comparison_and_source_capture (test_variable_pump_evidence.EvidenceTests) ... FAIL
test_independent_freeze_and_boundary_reserve (test_variable_pump_evidence.EvidenceTests) ... ok
test_separator_actual_outputs (test_variable_pump_evidence.EvidenceTests) ... ok

======================================================================
ERROR: setUpClass (test_engine.HttpTests)
----------------------------------------------------------------------
Traceback (most recent call last):
  File "/Users/giovaninunes/Folders/RioGineer/riogineer-website/engine/tests/test_engine.py", line 137, in setUpClass
    cls.server = ThreadingHTTPServer(('127.0.0.1', 0), Handler)
  File "/Library/Frameworks/Python.framework/Versions/3.10/lib/python3.10/socketserver.py", line 452, in __init__
    self.server_bind()
  File "/Library/Frameworks/Python.framework/Versions/3.10/lib/python3.10/http/server.py", line 137, in server_bind
    socketserver.TCPServer.server_bind(self)
  File "/Library/Frameworks/Python.framework/Versions/3.10/lib/python3.10/socketserver.py", line 466, in server_bind
    self.socket.bind(self.server_address)
PermissionError: [Errno 1] Operation not permitted

======================================================================
FAIL: test_nonconvergence_propagates_without_caloric_values (test_pr_caloric.CaloricTests)
----------------------------------------------------------------------
Traceback (most recent call last):
  File "/Users/giovaninunes/Folders/RioGineer/riogineer-website/engine/tests/test_pr_caloric.py", line 206, in test_nonconvergence_propagates_without_caloric_values
    self.failed(self.provider.equilibrium_caloric_PT(state(),BIP,None),'invalid_input')
  File "/Users/giovaninunes/Folders/RioGineer/riogineer-website/engine/tests/test_pr_caloric.py", line 38, in failed
    self.assertEqual(result.status,status,result.message)
AssertionError: 'success_two_phase' != 'invalid_input'
- success_two_phase
+ invalid_input
 : 

======================================================================
FAIL: test_all30_fresh_evidence (test_separator_pump_integration.SeparatorPumpIntegration)
----------------------------------------------------------------------
Traceback (most recent call last):
  File "/Users/giovaninunes/Folders/RioGineer/riogineer-website/engine/tests/test_separator_pump_integration.py", line 31, in test_all30_fresh_evidence
    self.assertEqual(r['result']['input_sha256'],semantic_hash(build_flowsheet(requirements(r['case_id']))))
AssertionError: 'b70d749779546db63115b6dda5046e47899c4c7c8a4414cc746012916faa0edf' != 'ca5a5244b398ae1b4fe901d171eab59672248b578f87b05bd50c138ef0643b68'
- b70d749779546db63115b6dda5046e47899c4c7c8a4414cc746012916faa0edf
+ ca5a5244b398ae1b4fe901d171eab59672248b578f87b05bd50c138ef0643b68


======================================================================
FAIL: test_preservation (test_separator_pump_integration.SeparatorPumpIntegration) [engine/riogineer_engine/pr_ph_flash.py]
----------------------------------------------------------------------
Traceback (most recent call last):
  File "/Users/giovaninunes/Folders/RioGineer/riogineer-website/engine/tests/test_separator_pump_integration.py", line 113, in test_preservation
    with self.subTest(p):self.assertEqual(hashlib.sha256((ROOT/p).read_bytes()).hexdigest(),paths[p])
AssertionError: '27d4adfe7e6403b571889320930b3daf58c35a34a67060dd1029b6b27fd1a863' != '00c70809f3c67ac0300bbcfc8185d88029008964986502b57a5ecb4343f4b246'
- 27d4adfe7e6403b571889320930b3daf58c35a34a67060dd1029b6b27fd1a863
+ 00c70809f3c67ac0300bbcfc8185d88029008964986502b57a5ecb4343f4b246


======================================================================
FAIL: test_preservation (test_separator_pump_integration.SeparatorPumpIntegration) [engine/riogineer_engine/pr_ps_flash.py]
----------------------------------------------------------------------
Traceback (most recent call last):
  File "/Users/giovaninunes/Folders/RioGineer/riogineer-website/engine/tests/test_separator_pump_integration.py", line 113, in test_preservation
    with self.subTest(p):self.assertEqual(hashlib.sha256((ROOT/p).read_bytes()).hexdigest(),paths[p])
AssertionError: 'ee02a7f7ddbd3ca1c00eb6f75acf99c8909f4854ea8d4b2850e3186fe1337547' != '7fb2456edce130ff99948bf3b5fdb9755a87a83406ce74fb9d81ea5412c45caa'
- ee02a7f7ddbd3ca1c00eb6f75acf99c8909f4854ea8d4b2850e3186fe1337547
+ 7fb2456edce130ff99948bf3b5fdb9755a87a83406ce74fb9d81ea5412c45caa


======================================================================
FAIL: test_preservation (test_separator_pump_integration.SeparatorPumpIntegration) [engine/riogineer_engine/property_packages.py]
----------------------------------------------------------------------
Traceback (most recent call last):
  File "/Users/giovaninunes/Folders/RioGineer/riogineer-website/engine/tests/test_separator_pump_integration.py", line 113, in test_preservation
    with self.subTest(p):self.assertEqual(hashlib.sha256((ROOT/p).read_bytes()).hexdigest(),paths[p])
AssertionError: '7409d848e842d9dcf364049a4c8b06c5eba9ff8e6407eaaa560c81d101003a27' != 'bed4cc88b4cbebc68ffdaa9a39cbf3918f28b242c0cc95ed767680bf23706bdf'
- 7409d848e842d9dcf364049a4c8b06c5eba9ff8e6407eaaa560c81d101003a27
+ bed4cc88b4cbebc68ffdaa9a39cbf3918f28b242c0cc95ed767680bf23706bdf


======================================================================
FAIL: test_preservation (test_separator_pump_integration.SeparatorPumpIntegration) [engine/riogineer_engine/pump_energy.py]
----------------------------------------------------------------------
Traceback (most recent call last):
  File "/Users/giovaninunes/Folders/RioGineer/riogineer-website/engine/tests/test_separator_pump_integration.py", line 113, in test_preservation
    with self.subTest(p):self.assertEqual(hashlib.sha256((ROOT/p).read_bytes()).hexdigest(),paths[p])
AssertionError: 'b05730cabfc7b1abd7a25814a8c801c4eb5897f9cd52d2366edfa35f3b4c50ab' != '7f9c59270901af6b20152b075dfed9499aa0f925823db9e7b7b6b6eb9e00374a'
- b05730cabfc7b1abd7a25814a8c801c4eb5897f9cd52d2366edfa35f3b4c50ab
+ 7f9c59270901af6b20152b075dfed9499aa0f925823db9e7b7b6b6eb9e00374a


======================================================================
FAIL: test_preservation (test_separator_pump_integration.SeparatorPumpIntegration) [next-env.d.ts]
----------------------------------------------------------------------
Traceback (most recent call last):
  File "/Users/giovaninunes/Folders/RioGineer/riogineer-website/engine/tests/test_separator_pump_integration.py", line 113, in test_preservation
    with self.subTest(p):self.assertEqual(hashlib.sha256((ROOT/p).read_bytes()).hexdigest(),paths[p])
AssertionError: '0f70629890b72a0a82e91972cc032c04b658b26c265373cb711cf576bfbf8fcc' != '1f2e4a6d7f55de2de72375901050f2af22ed89992a781fce74d6e6a4d3fc94f0'
- 0f70629890b72a0a82e91972cc032c04b658b26c265373cb711cf576bfbf8fcc
+ 1f2e4a6d7f55de2de72375901050f2af22ed89992a781fce74d6e6a4d3fc94f0


======================================================================
FAIL: test_equipment_comparison_and_source_capture (test_variable_pump_evidence.EvidenceTests)
----------------------------------------------------------------------
Traceback (most recent call last):
  File "/Users/giovaninunes/Folders/RioGineer/riogineer-website/engine/tests/test_variable_pump_evidence.py", line 17, in test_equipment_comparison_and_source_capture
    for p,h in (r['production_source_sha256']|r['reference_sha256']).items():self.assertEqual(hashlib.sha256((ROOT/p).read_bytes()).hexdigest(),h,p)
AssertionError: 'a81c2460abf076535d91b87d11891af368fe8d1d642151d8d8676c5497d2ed58' != '428c04b47578749b58a9184f85e2707a576d739c8f46e176185d83959a24b4b2'
- a81c2460abf076535d91b87d11891af368fe8d1d642151d8d8676c5497d2ed58
+ 428c04b47578749b58a9184f85e2707a576d739c8f46e176185d83959a24b4b2
 : engine/riogineer_engine/core.py

----------------------------------------------------------------------
Ran 680 tests in 748.503s

FAILED (failures=8, errors=1)
