PT_VL_HEATING_DP0.0 PASS
PT_VL_HEATING_DP10000.0 PASS
PT_VL_HEATING_DP1000000.0 PASS
PT_VL_INLET_EQUAL_DP0.0 PASS
PT_VL_INLET_EQUAL_DP10000.0 PASS
PT_VL_INLET_EQUAL_DP1000000.0 PASS
PT_VAPOR_INLET_COOLING_DP0.0 PASS
PT_VAPOR_INLET_COOLING_DP10000.0 PASS
PT_VAPOR_INLET_COOLING_DP1000000.0 PASS
PH_FLASH_DP0.0 PASS
PH_FLASH_DP10000.0 PASS
PH_FLASH_DP1000000.0 PASS
PH_HEXANE_RICH_DP0.0 PASS
PH_HEXANE_RICH_DP10000.0 PASS
PH_HEXANE_RICH_DP1000000.0 PASS
PT_BUBBLE_BELOW_DP0.0 PASS
PT_BUBBLE_BELOW_DP10000.0 PASS
PT_BUBBLE_BELOW_DP1000000.0 PASS
PT_BUBBLE_ABOVE_DP0.0 PASS
PT_BUBBLE_ABOVE_DP10000.0 PASS
PT_BUBBLE_ABOVE_DP1000000.0 PASS
PT_DEW_BELOW_DP0.0 PASS
PT_DEW_BELOW_DP10000.0 PASS
PT_DEW_BELOW_DP1000000.0 PASS
ETA0.6 PASS
ETA1.0 PASS
SMALL1000.0 PASS
SCALED5.0 PASS
SCALED17.3 PASS
SCALED200.0 PASS
